Component: ARM Compiler 5.06 update 5 (build 528) Tool: armlink [4d35e2]

==============================================================================

Section Cross References

    system_stm32f10x.o(i.SetSysClock) refers to system_stm32f10x.o(i.SetSysClockTo72) for SetSysClockTo72
    system_stm32f10x.o(i.SystemCoreClockUpdate) refers to system_stm32f10x.o(.data) for SystemCoreClock
    system_stm32f10x.o(i.SystemInit) refers to system_stm32f10x.o(i.SetSysClock) for SetSysClock
    main.o(i.AutoControl) refers to main.o(.bss) for sensorData
    main.o(i.AutoControl) refers to main.o(.data) for driveData
    main.o(i.Control_Manager) refers to led.o(i.LED_On) for LED_On
    main.o(i.Control_Manager) refers to led.o(i.LED_Off) for LED_Off
    main.o(i.Control_Manager) refers to stepmotor.o(i.MOTOR_Direction_Angle) for MOTOR_Direction_Angle
    main.o(i.Control_Manager) refers to stm32f10x_gpio.o(i.GPIO_SetBits) for GPIO_SetBits
    main.o(i.Control_Manager) refers to stm32f10x_gpio.o(i.GPIO_ResetBits) for GPIO_ResetBits
    main.o(i.Control_Manager) refers to main.o(.data) for driveData
    main.o(i.ManualControl) refers to key.o(.data) for KeyNum
    main.o(i.ManualControl) refers to main.o(.data) for driveData
    main.o(i.ManualSettingsDisplay1) refers to oled.o(i.OLED_ShowChinese) for OLED_ShowChinese
    main.o(i.ManualSettingsDisplay1) refers to main.o(.data) for driveData
    main.o(i.ManualSettingsDisplay2) refers to oled.o(i.OLED_ShowChinese) for OLED_ShowChinese
    main.o(i.ManualSettingsDisplay2) refers to main.o(.data) for driveData
    main.o(i.OLED_autoPage1) refers to oled.o(i.OLED_ShowChinese) for OLED_ShowChinese
    main.o(i.OLED_autoPage1) refers to oled.o(i.OLED_ShowChar) for OLED_ShowChar
    main.o(i.OLED_autoPage1) refers to oled.o(i.OLED_Refresh) for OLED_Refresh
    main.o(i.OLED_autoPage2) refers to oled.o(i.OLED_ShowChinese) for OLED_ShowChinese
    main.o(i.OLED_autoPage2) refers to oled.o(i.OLED_ShowChar) for OLED_ShowChar
    main.o(i.OLED_autoPage2) refers to oled.o(i.OLED_Refresh) for OLED_Refresh
    main.o(i.OLED_manualOption) refers to oled.o(i.OLED_ShowChar) for OLED_ShowChar
    main.o(i.OLED_manualPage1) refers to oled.o(i.OLED_ShowChinese) for OLED_ShowChinese
    main.o(i.OLED_manualPage1) refers to oled.o(i.OLED_ShowChar) for OLED_ShowChar
    main.o(i.OLED_manualPage2) refers to oled.o(i.OLED_ShowChinese) for OLED_ShowChinese
    main.o(i.OLED_manualPage2) refers to oled.o(i.OLED_ShowChar) for OLED_ShowChar
    main.o(i.OLED_settingsOption) refers to oled.o(i.OLED_ShowChar) for OLED_ShowChar
    main.o(i.OLED_settingsPage1) refers to oled.o(i.OLED_ShowChinese) for OLED_ShowChinese
    main.o(i.OLED_settingsPage1) refers to oled.o(i.OLED_ShowChar) for OLED_ShowChar
    main.o(i.OLED_settingsPage2) refers to oled.o(i.OLED_ShowString) for OLED_ShowString
    main.o(i.ScanGizwitsMode) refers to stm32f10x_gpio.o(i.GPIO_ReadInputDataBit) for GPIO_ReadInputDataBit
    main.o(i.ScanGizwitsMode) refers to delay.o(i.delay_ms) for delay_ms
    main.o(i.ScanGizwitsMode) refers to oled.o(i.OLED_ShowChinese) for OLED_ShowChinese
    main.o(i.ScanGizwitsMode) refers to oled.o(i.OLED_Refresh) for OLED_Refresh
    main.o(i.SensorDataDisplay1) refers to oled.o(i.OLED_ShowNum) for OLED_ShowNum
    main.o(i.SensorDataDisplay1) refers to main.o(.bss) for sensorData
    main.o(i.SensorDataDisplay2) refers to oled.o(i.OLED_ShowNum) for OLED_ShowNum
    main.o(i.SensorDataDisplay2) refers to main.o(.bss) for sensorData
    main.o(i.SetAuto) refers to oled.o(i.OLED_Clear) for OLED_Clear
    main.o(i.SetAuto) refers to key.o(.data) for KeyNum
    main.o(i.SetAuto) refers to main.o(.data) for count_a
    main.o(i.SetManual) refers to oled.o(i.OLED_Clear) for OLED_Clear
    main.o(i.SetManual) refers to key.o(.data) for KeyNum
    main.o(i.SetManual) refers to main.o(.data) for count_m
    main.o(i.SetSelection) refers to oled.o(i.OLED_Clear) for OLED_Clear
    main.o(i.SetSelection) refers to key.o(.data) for KeyNum
    main.o(i.SetSelection) refers to main.o(.data) for count_s
    main.o(i.SettingsThresholdDisplay1) refers to oled.o(i.OLED_ShowNum) for OLED_ShowNum
    main.o(i.SettingsThresholdDisplay1) refers to main.o(.bss) for Sensorthreshold
    main.o(i.SettingsThresholdDisplay2) refers to oled.o(i.OLED_ShowNum) for OLED_ShowNum
    main.o(i.SettingsThresholdDisplay2) refers to main.o(.bss) for Sensorthreshold
    main.o(i.ThresholdSettings) refers to key.o(.data) for KeyNum
    main.o(i.ThresholdSettings) refers to main.o(.bss) for Sensorthreshold
    main.o(i.main) refers to system_stm32f10x.o(i.SystemInit) for SystemInit
    main.o(i.main) refers to delay.o(i.delay_init) for delay_init
    main.o(i.main) refers to adcx.o(i.ADCX_Init) for ADCX_Init
    main.o(i.main) refers to led.o(i.LED_Init) for LED_Init
    main.o(i.main) refers to led.o(i.LED_On) for LED_On
    main.o(i.main) refers to key.o(i.Key_Init) for Key_Init
[...]
    Removing stm32f10x_tim.o(i.TIM_DMACmd), (18 bytes).
    Removing stm32f10x_tim.o(i.TIM_DMAConfig), (10 bytes).
    Removing stm32f10x_tim.o(i.TIM_DeInit), (488 bytes).
    Removing stm32f10x_tim.o(i.TIM_ETRClockMode1Config), (54 bytes).
    Removing stm32f10x_tim.o(i.TIM_ETRClockMode2Config), (32 bytes).
    Removing stm32f10x_tim.o(i.TIM_ETRConfig), (28 bytes).
    Removing stm32f10x_tim.o(i.TIM_EncoderInterfaceConfig), (66 bytes).
    Removing stm32f10x_tim.o(i.TIM_ForcedOC1Config), (18 bytes).
    Removing stm32f10x_tim.o(i.TIM_ForcedOC2Config), (26 bytes).
    Removing stm32f10x_tim.o(i.TIM_ForcedOC3Config), (18 bytes).
    Removing stm32f10x_tim.o(i.TIM_ForcedOC4Config), (26 bytes).
    Removing stm32f10x_tim.o(i.TIM_GenerateEvent), (4 bytes).
    Removing stm32f10x_tim.o(i.TIM_GetCapture1), (6 bytes).
    Removing stm32f10x_tim.o(i.TIM_GetCapture2), (6 bytes).
    Removing stm32f10x_tim.o(i.TIM_GetCapture3), (6 bytes).
    Removing stm32f10x_tim.o(i.TIM_GetCapture4), (8 bytes).
    Removing stm32f10x_tim.o(i.TIM_GetCounter), (6 bytes).
    Removing stm32f10x_tim.o(i.TIM_GetFlagStatus), (18 bytes).
    Removing stm32f10x_tim.o(i.TIM_GetPrescaler), (6 bytes).
    Removing stm32f10x_tim.o(i.TIM_ICInit), (172 bytes).
    Removing stm32f10x_tim.o(i.TIM_ICStructInit), (18 bytes).
    Removing stm32f10x_tim.o(i.TIM_ITRxExternalClockConfig), (24 bytes).
    Removing stm32f10x_tim.o(i.TIM_InternalClockConfig), (12 bytes).
    Removing stm32f10x_tim.o(i.TIM_OC1FastConfig), (18 bytes).
    Removing stm32f10x_tim.o(i.TIM_OC1Init), (152 bytes).
    Removing stm32f10x_tim.o(i.TIM_OC1NPolarityConfig), (18 bytes).
    Removing stm32f10x_tim.o(i.TIM_OC1PolarityConfig), (18 bytes).
    Removing stm32f10x_tim.o(i.TIM_OC1PreloadConfig), (18 bytes).
    Removing stm32f10x_tim.o(i.TIM_OC2FastConfig), (26 bytes).
    Removing stm32f10x_tim.o(i.TIM_OC2Init), (164 bytes).
    Removing stm32f10x_tim.o(i.TIM_OC2NPolarityConfig), (26 bytes).
    Removing stm32f10x_tim.o(i.TIM_OC2PolarityConfig), (26 bytes).
    Removing stm32f10x_tim.o(i.TIM_OC2PreloadConfig), (26 bytes).
    Removing stm32f10x_tim.o(i.TIM_OC3FastConfig), (18 bytes).
    Removing stm32f10x_tim.o(i.TIM_OC3Init), (160 bytes).
    Removing stm32f10x_tim.o(i.TIM_OC3NPolarityConfig), (26 bytes).
    Removing stm32f10x_tim.o(i.TIM_OC3PolarityConfig), (26 bytes).
    Removing stm32f10x_tim.o(i.TIM_OC3PreloadConfig), (18 bytes).
    Removing stm32f10x_tim.o(i.TIM_OC4FastConfig), (26 bytes).
    Removing stm32f10x_tim.o(i.TIM_OC4Init), (124 bytes).
    Removing stm32f10x_tim.o(i.TIM_OC4PolarityConfig), (26 bytes).
    Removing stm32f10x_tim.o(i.TIM_OC4PreloadConfig), (26 bytes).
    Removing stm32f10x_tim.o(i.TIM_OCStructInit), (20 bytes).
    Removing stm32f10x_tim.o(i.TIM_PWMIConfig), (124 bytes).
    Removing stm32f10x_tim.o(i.TIM_PrescalerConfig), (6 bytes).
    Removing stm32f10x_tim.o(i.TIM_SelectCCDMA), (24 bytes).
    Removing stm32f10x_tim.o(i.TIM_SelectCOM), (24 bytes).
    Removing stm32f10x_tim.o(i.TIM_SelectHallSensor), (24 bytes).
    Removing stm32f10x_tim.o(i.TIM_SelectInputTrigger), (18 bytes).
    Removing stm32f10x_tim.o(i.TIM_SelectMasterSlaveMode), (18 bytes).
    Removing stm32f10x_tim.o(i.TIM_SelectOCxM), (82 bytes).
    Removing stm32f10x_tim.o(i.TIM_SelectOnePulseMode), (18 bytes).
    Removing stm32f10x_tim.o(i.TIM_SelectOutputTrigger), (18 bytes).
    Removing stm32f10x_tim.o(i.TIM_SelectSlaveMode), (18 bytes).
    Removing stm32f10x_tim.o(i.TIM_SetAutoreload), (4 bytes).
    Removing stm32f10x_tim.o(i.TIM_SetClockDivision), (18 bytes).
    Removing stm32f10x_tim.o(i.TIM_SetCompare1), (4 bytes).
    Removing stm32f10x_tim.o(i.TIM_SetCompare2), (4 bytes).
    Removing stm32f10x_tim.o(i.TIM_SetCompare3), (4 bytes).
    Removing stm32f10x_tim.o(i.TIM_SetCompare4), (6 bytes).
    Removing stm32f10x_tim.o(i.TIM_SetCounter), (4 bytes).
    Removing stm32f10x_tim.o(i.TIM_SetIC1Prescaler), (18 bytes).
    Removing stm32f10x_tim.o(i.TIM_SetIC2Prescaler), (26 bytes).
    Removing stm32f10x_tim.o(i.TIM_SetIC3Prescaler), (18 bytes).
    Removing stm32f10x_tim.o(i.TIM_SetIC4Prescaler), (26 bytes).
    Removing stm32f10x_tim.o(i.TIM_TIxExternalClockConfig), (62 bytes).
    Removing stm32f10x_tim.o(i.TIM_TimeBaseStructInit), (18 bytes).
    Removing stm32f10x_tim.o(i.TIM_UpdateDisableConfig), (24 bytes).
    Removing stm32f10x_tim.o(i.TIM_UpdateRequestConfig), (24 bytes).
    Removing stm32f10x_adc.o(i.ADC_AnalogWatchdogCmd), (20 bytes).
    Removing stm32f10x_adc.o(i.ADC_AnalogWatchdogSingleChannelConfig), (16 bytes).
    Removing stm32f10x_adc.o(i.ADC_AnalogWatchdogThresholdsConfig), (6 bytes).
    Removing stm32f10x_adc.o(i.ADC_AutoInjectedConvCmd), (22 bytes).
    Removing stm32f10x_adc.o(i.ADC_ClearFlag), (6 bytes).
    Removing stm32f10x_adc.o(i.ADC_ClearITPendingBit), (10 bytes).
    Removing stm32f10x_adc.o(i.ADC_DeInit), (92 bytes).
    Removing stm32f10x_adc.o(i.ADC_DiscModeChannelCountConfig), (24 bytes).
    Removing stm32f10x_adc.o(i.ADC_DiscModeCmd), (22 bytes).
    Removing stm32f10x_adc.o(i.ADC_ExternalTrigConvCmd), (22 bytes).
    Removing stm32f10x_adc.o(i.ADC_ExternalTrigInjectedConvCmd), (22 bytes).
    Removing stm32f10x_adc.o(i.ADC_ExternalTrigInjectedConvConfig), (16 bytes).
    Removing stm32f10x_adc.o(i.ADC_GetConversionValue), (8 bytes).
    Removing stm32f10x_adc.o(i.ADC_GetDualModeConversionValue), (12 bytes).
    Removing stm32f10x_adc.o(i.ADC_GetFlagStatus), (18 bytes).
    Removing stm32f10x_adc.o(i.ADC_GetITStatus), (36 bytes).
    Removing stm32f10x_adc.o(i.ADC_GetInjectedConversionValue), (28 bytes).
    Removing stm32f10x_adc.o(i.ADC_GetSoftwareStartConvStatus), (20 bytes).
    Removing stm32f10x_adc.o(i.ADC_GetSoftwareStartInjectedConvCmdStatus), (20 bytes).
    Removing stm32f10x_adc.o(i.ADC_ITConfig), (24 bytes).
    Removing stm32f10x_adc.o(i.ADC_InjectedChannelConfig), (130 bytes).
    Removing stm32f10x_adc.o(i.ADC_InjectedDiscModeCmd), (22 bytes).
    Removing stm32f10x_adc.o(i.ADC_InjectedSequencerLengthConfig), (24 bytes).
    Removing stm32f10x_adc.o(i.ADC_SetInjectedOffset), (20 bytes).
    Removing stm32f10x_adc.o(i.ADC_SoftwareStartInjectedConvCmd), (22 bytes).
    Removing stm32f10x_adc.o(i.ADC_StructInit), (18 bytes).
    Removing stm32f10x_adc.o(i.ADC_TempSensorVrefintCmd), (36 bytes).
    Removing stm32f10x_dma.o(i.DMA_ClearFlag), (28 bytes).
    Removing stm32f10x_dma.o(i.DMA_ClearITPendingBit), (28 bytes).
    Removing stm32f10x_dma.o(i.DMA_DeInit), (332 bytes).
    Removing stm32f10x_dma.o(i.DMA_GetCurrDataCounter), (8 bytes).
    Removing stm32f10x_dma.o(i.DMA_GetFlagStatus), (44 bytes).
    Removing stm32f10x_dma.o(i.DMA_GetITStatus), (44 bytes).
    Removing stm32f10x_dma.o(i.DMA_ITConfig), (18 bytes).
    Removing stm32f10x_dma.o(i.DMA_SetCurrDataCounter), (4 bytes).
    Removing stm32f10x_dma.o(i.DMA_StructInit), (26 bytes).
    Removing stm32f10x_flash.o(i.FLASH_EnableWriteProtection), (196 bytes).
    Removing stm32f10x_flash.o(i.FLASH_EraseAllBank1Pages), (72 bytes).
    Removing stm32f10x_flash.o(i.FLASH_EraseAllPages), (72 bytes).
    Removing stm32f10x_flash.o(i.FLASH_EraseOptionBytes), (168 bytes).
    Removing stm32f10x_flash.o(i.FLASH_GetFlagStatus), (48 bytes).
    Removing stm32f10x_flash.o(i.FLASH_GetPrefetchBufferStatus), (24 bytes).
    Removing stm32f10x_flash.o(i.FLASH_GetReadOutProtectionStatus), (24 bytes).
    Removing stm32f10x_flash.o(i.FLASH_GetStatus), (52 bytes).
    Removing stm32f10x_flash.o(i.FLASH_GetUserOptionByte), (12 bytes).
    Removing stm32f10x_flash.o(i.FLASH_GetWriteProtectionOptionByte), (12 bytes).
    Removing stm32f10x_flash.o(i.FLASH_HalfCycleAccessCmd), (28 bytes).
    Removing stm32f10x_flash.o(i.FLASH_ITConfig), (32 bytes).
    Removing stm32f10x_flash.o(i.FLASH_LockBank1), (20 bytes).
    Removing stm32f10x_flash.o(i.FLASH_PrefetchBufferCmd), (28 bytes).
    Removing stm32f10x_flash.o(i.FLASH_ProgramOptionByteData), (84 bytes).
    Removing stm32f10x_flash.o(i.FLASH_ProgramWord), (108 bytes).
    Removing stm32f10x_flash.o(i.FLASH_ReadOutProtection), (172 bytes).
    Removing stm32f10x_flash.o(i.FLASH_SetLatency), (24 bytes).
    Removing stm32f10x_flash.o(i.FLASH_UnlockBank1), (24 bytes).
    Removing stm32f10x_flash.o(i.FLASH_UserOptionByteConfig), (104 bytes).
    Removing stm32f10x_flash.o(i.FLASH_WaitForLastBank1Operation), (38 bytes).
    Removing fflti.o(.text), (18 bytes).
    Removing dfixul.o(.text), (48 bytes).
    Removing cdcmple.o(.text), (48 bytes).

246 unused section(s) (total 10464 bytes) removed from the image.

==============================================================================

Image Symbol Table

    Local Symbols

    Symbol Name                              Value     Ov Type        Size  Object(Section)

    ../clib/microlib/division.c              0x00000000   Number         0  uldiv.o ABSOLUTE
    ../clib/microlib/division.c              0x00000000   Number         0  uidiv.o ABSOLUTE
    ../clib/microlib/errno.c                 0x00000000   Number         0  errno.o ABSOLUTE
    ../clib/microlib/init/entry.s            0x00000000   Number         0  entry10b.o ABSOLUTE
    ../clib/microlib/init/entry.s            0x00000000   Number         0  entry.o ABSOLUTE
    ../clib/microlib/init/entry.s            0x00000000   Number         0  entry9b.o ABSOLUTE
    ../clib/microlib/init/entry.s            0x00000000   Number         0  entry10a.o ABSOLUTE
    ../clib/microlib/init/entry.s            0x00000000   Number         0  entry9a.o ABSOLUTE
    ../clib/microlib/init/entry.s            0x00000000   Number         0  entry11b.o ABSOLUTE
    ../clib/microlib/init/entry.s            0x00000000   Number         0  entry2.o ABSOLUTE
    ../clib/microlib/init/entry.s            0x00000000   Number         0  entry11a.o ABSOLUTE
    ../clib/microlib/init/entry.s            0x00000000   Number         0  entry8b.o ABSOLUTE
    ../clib/microlib/init/entry.s            0x00000000   Number         0  entry7a.o ABSOLUTE
    ../clib/microlib/init/entry.s            0x00000000   Number         0  entry7b.o ABSOLUTE
    ../clib/microlib/init/entry.s            0x00000000   Number         0  entry5.o ABSOLUTE
    ../clib/microlib/init/entry.s            0x00000000   Number         0  entry8a.o ABSOLUTE
    ../clib/microlib/longlong.c              0x00000000   Number         0  llushr.o ABSOLUTE
    ../clib/microlib/longlong.c              0x00000000   Number         0  llsshr.o ABSOLUTE
    ../clib/microlib/longlong.c              0x00000000   Number         0  llshl.o ABSOLUTE
    ../clib/microlib/printf/printf.c         0x00000000   Number         0  printf0.o ABSOLUTE
    ../clib/microlib/printf/printf.c         0x00000000   Number         0  printf7.o ABSOLUTE
    ../clib/microlib/printf/printf.c         0x00000000   Number         0  printf6.o ABSOLUTE
    ../clib/microlib/printf/printf.c         0x00000000   Number         0  printf5.o ABSOLUTE
    ../clib/microlib/printf/printf.c         0x00000000   Number         0  printf3.o ABSOLUTE
    ../clib/microlib/printf/printf.c         0x00000000   Number         0  printf2.o ABSOLUTE
    ../clib/microlib/printf/printf.c         0x00000000   Number         0  printf1.o ABSOLUTE
    ../clib/microlib/printf/printf.c         0x00000000   Number         0  printf8.o ABSOLUTE
    ../clib/microlib/printf/printf.c         0x00000000   Number         0  printfb.o ABSOLUTE
    ../clib/microlib/printf/printf.c         0x00000000   Number         0  printf4.o ABSOLUTE
    ../clib/microlib/printf/printf.c         0x00000000   Number         0  printfa.o ABSOLUTE
    ../clib/microlib/stdio/streams.c         0x00000000   Number         0  stdout.o ABSOLUTE
    ../clib/microlib/stubs.s                 0x00000000   Number         0  iusefp.o ABSOLUTE
    ../fplib/microlib/d2f.c                  0x00000000   Number         0  d2f.o ABSOLUTE
    ../fplib/microlib/f2d.c                  0x00000000   Number         0  f2d.o ABSOLUTE
    ../fplib/microlib/fpadd.c                0x00000000   Number         0  dadd.o ABSOLUTE
    ../fplib/microlib/fpadd.c                0x00000000   Number         0  fadd.o ABSOLUTE
    ../fplib/microlib/fpdiv.c                0x00000000   Number         0  ddiv.o ABSOLUTE
    ../fplib/microlib/fpdiv.c                0x00000000   Number         0  fdiv.o ABSOLUTE
    ../fplib/microlib/fpepilogue.c           0x00000000   Number         0  depilogue.o ABSOLUTE
    ../fplib/microlib/fpepilogue.c           0x00000000   Number         0  fepilogue.o ABSOLUTE
    ../fplib/microlib/fpfix.c                0x00000000   Number         0  dfixui.o ABSOLUTE
    ../fplib/microlib/fpfix.c                0x00000000   Number         0  dfixul.o ABSOLUTE
    ../fplib/microlib/fpfix.c                0x00000000   Number         0  ffixui.o ABSOLUTE
    ../fplib/microlib/fpflt.c                0x00000000   Number         0  dflti.o ABSOLUTE
    ../fplib/microlib/fpflt.c                0x00000000   Number         0  fflti.o ABSOLUTE
    ../fplib/microlib/fpflt.c                0x00000000   Number         0  ffltui.o ABSOLUTE
    ../fplib/microlib/fpmul.c                0x00000000   Number         0  dmul.o ABSOLUTE
    ../fplib/microlib/fpmul.c                0x00000000   Number         0  fmul.o ABSOLUTE
    ../fplib/microlib/fpscalb.c              0x00000000   Number         0  dscalb.o ABSOLUTE
    ../fplib/microlib/fpsqrt.c               0x00000000   Number         0  dsqrt.o ABSOLUTE
    ../mathlib/dunder.c                      0x00000000   Number         0  dunder.o ABSOLUTE
    ../mathlib/fpclassify.c                  0x00000000   Number         0  fpclassify.o ABSOLUTE
    ../mathlib/poly.c                        0x00000000   Number         0  poly.o ABSOLUTE
    ../mathlib/pow.c                         0x00000000   Number         0  pow.o ABSOLUTE
    ../mathlib/pow.c                         0x00000000   Number         0  pow_x.o ABSOLUTE
    ../mathlib/qnan.c                        0x00000000   Number         0  qnan.o ABSOLUTE
    ../mathlib/sqrt.c                        0x00000000   Number         0  sqrt_x.o ABSOLUTE
    ../mathlib/sqrt.c                        0x00000000   Number         0  sqrt.o ABSOLUTE
    ..\CORE\core_cm3.c                       0x00000000   Number         0  core_cm3.o ABSOLUTE
    ..\CORE\startup_stm32f10x_md.s           0x00000000   Number         0  startup_stm32f10x_md.o ABSOLUTE
    ..\HARDWARE\BEEP\beep.c                  0x00000000   Number         0  beep.o ABSOLUTE
    ..\HARDWARE\BUMP\bump.c                  0x00000000   Number         0  bump.o ABSOLUTE
    ..\HARDWARE\DHT11\dht11.c                0x00000000   Number         0  dht11.o ABSOLUTE
    ..\HARDWARE\FAN\fan.c                    0x00000000   Number         0  fan.o ABSOLUTE
    ..\HARDWARE\JSQ\jsq.c                    0x00000000   Number         0  jsq.o ABSOLUTE
    ..\HARDWARE\KEY\key.c                    0x00000000   Number         0  key.o ABSOLUTE
    ..\HARDWARE\LED\led.c                    0x00000000   Number         0  led.o ABSOLUTE
    ..\HARDWARE\MODULES\Modules.c            0x00000000   Number         0  modules.o ABSOLUTE
    ..\HARDWARE\OLED\OLED.c                  0x00000000   Number         0  oled.o ABSOLUTE
    ..\HARDWARE\STEPMOTOR\stepmotor.c        0x00000000   Number         0  stepmotor.o ABSOLUTE
    ..\STM32F10x_FWLib\src\misc.c            0x00000000   Number         0  misc.o ABSOLUTE
    ..\STM32F10x_FWLib\src\stm32f10x_adc.c   0x00000000   Number         0  stm32f10x_adc.o ABSOLUTE
    ..\STM32F10x_FWLib\src\stm32f10x_dma.c   0x00000000   Number         0  stm32f10x_dma.o ABSOLUTE
    ..\STM32F10x_FWLib\src\stm32f10x_flash.c 0x00000000   Number         0  stm32f10x_flash.o ABSOLUTE
    ..\STM32F10x_FWLib\src\stm32f10x_gpio.c  0x00000000   Number         0  stm32f10x_gpio.o ABSOLUTE
    ..\STM32F10x_FWLib\src\stm32f10x_rcc.c   0x00000000   Number         0  stm32f10x_rcc.o ABSOLUTE
    ..\STM32F10x_FWLib\src\stm32f10x_tim.c   0x00000000   Number         0  stm32f10x_tim.o ABSOLUTE
    ..\STM32F10x_FWLib\src\stm32f10x_usart.c 0x00000000   Number         0  stm32f10x_usart.o ABSOLUTE
    ..\SYSTEM\adc\adcx.c                     0x00000000   Number         0  adcx.o ABSOLUTE
    ..\SYSTEM\delay\delay.c                  0x00000000   Number         0  delay.o ABSOLUTE
    ..\SYSTEM\flash\Flash.c                  0x00000000   Number         0  flash.o ABSOLUTE
    ..\SYSTEM\sys\sys.c                      0x00000000   Number         0  sys.o ABSOLUTE
    ..\SYSTEM\timer\TIM2.c                   0x00000000   Number         0  tim2.o ABSOLUTE
    ..\SYSTEM\timer\TIM3.c                   0x00000000   Number         0  tim3.o ABSOLUTE
    ..\SYSTEM\usart\usart.c                  0x00000000   Number         0  usart.o ABSOLUTE
    ..\\CORE\\core_cm3.c                     0x00000000   Number         0  core_cm3.o ABSOLUTE
    ..\\SYSTEM\\sys\\sys.c                   0x00000000   Number         0  sys.o ABSOLUTE
    cdcmple.s                                0x00000000   Number         0  cdcmple.o ABSOLUTE
    cdrcmple.s                               0x00000000   Number         0  cdrcmple.o ABSOLUTE
    dc.s                                     0x00000000   Number         0  dc.o ABSOLUTE
    handlers.s                               0x00000000   Number         0  handlers.o ABSOLUTE
    init.s                                   0x00000000   Number         0  init.o ABSOLUTE
    main.c                                   0x00000000   Number         0  main.o ABSOLUTE
    stm32f10x_it.c                           0x00000000   Number         0  stm32f10x_it.o ABSOLUTE
    system_stm32f10x.c                       0x00000000   Number         0  system_stm32f10x.o ABSOLUTE
    RESET                                    0x08000000   Section      236  startup_stm32f10x_md.o(RESET)
    .ARM.Collect$$$$00000000                 0x080000ec   Section        0  entry.o(.ARM.Collect$$$$00000000)
    .ARM.Collect$$$$00000001                 0x080000ec   Section        4  entry2.o(.ARM.Collect$$$$00000001)
    .ARM.Collect$$$$00000004                 0x080000f0   Section        4  entry5.o(.ARM.Collect$$$$00000004)
    .ARM.Collect$$$$00000008                 0x080000f4   Section        0  entry7b.o(.ARM.Collect$$$$00000008)
    .ARM.Collect$$$$0000000A                 0x080000f4   Section        0  entry8b.o(.ARM.Collect$$$$0000000A)
    .ARM.Collect$$$$0000000B                 0x080000f4   Section        8  entry9a.o(.ARM.Collect$$$$0000000B)
    .ARM.Collect$$$$0000000D                 0x080000fc   Section        0  entry10a.o(.ARM.Collect$$$$0000000D)
    .ARM.Collect$$$$0000000F                 0x080000fc   Section        0  entry11a.o(.ARM.Collect$$$$0000000F)
    .ARM.Collect$$$$00002712                 0x080000fc   Section        4  entry2.o(.ARM.Collect$$$$00002712)
    __lit__00000000                          0x080000fc   Data           4  entry2.o(.ARM.Collect$$$$00002712)
    .text                                    0x08000100   Section       28  startup_stm32f10x_md.o(.text)
    .text                                    0x0800011c   Section        0  fadd.o(.text)
    .text                                    0x080001cc   Section        0  fmul.o(.text)
    .text                                    0x08000230   Section        0  fdiv.o(.text)
    .text                                    0x080002ac   Section        0  dmul.o(.text)
    .text                                    0x08000390   Section        0  ddiv.o(.text)
    .text                                    0x0800046e   Section        0  ffltui.o(.text)
    .text                                    0x08000478   Section        0  ffixui.o(.text)
    .text                                    0x080004a0   Section        0  dfixui.o(.text)
    .text                                    0x080004d2   Section        0  f2d.o(.text)
    .text                                    0x080004f8   Section        0  d2f.o(.text)
    .text                                    0x08000530   Section        0  llushr.o(.text)
    .text                                    0x08000550   Section        0  fepilogue.o(.text)
    .text                                    0x08000550   Section        0  iusefp.o(.text)
    .text                                    0x080005be   Section        0  depilogue.o(.text)
    .text                                    0x08000678   Section        0  dadd.o(.text)
    .text                                    0x080007c6   Section        0  dscalb.o(.text)
    .text                                    0x080007f4   Section        0  dflti.o(.text)
    .text                                    0x08000818   Section       48  cdrcmple.o(.text)
    .text                                    0x08000848   Section       36  init.o(.text)
    .text                                    0x0800086c   Section        0  llshl.o(.text)
    .text                                    0x0800088a   Section        0  llsshr.o(.text)
    .text                                    0x080008ae   Section        0  dsqrt.o(.text)
    i.ADCX_Init                              0x08000950   Section        0  adcx.o(i.ADCX_Init)
    i.ADC_Cmd                                0x08000a74   Section        0  stm32f10x_adc.o(i.ADC_Cmd)
    i.ADC_DMACmd                             0x08000a8a   Section        0  stm32f10x_adc.o(i.ADC_DMACmd)
    i.ADC_GetCalibrationStatus               0x08000aa0   Section        0  stm32f10x_adc.o(i.ADC_GetCalibrationStatus)
    i.ADC_GetResetCalibrationStatus          0x08000ab4   Section        0  stm32f10x_adc.o(i.ADC_GetResetCalibrationStatus)
    i.ADC_Init                               0x08000ac8   Section        0  stm32f10x_adc.o(i.ADC_Init)
    i.ADC_RegularChannelConfig               0x08000b18   Section        0  stm32f10x_adc.o(i.ADC_RegularChannelConfig)
    i.ADC_ResetCalibration                   0x08000bd0   Section        0  stm32f10x_adc.o(i.ADC_ResetCalibration)
    i.ADC_SoftwareStartConvCmd               0x08000bda   Section        0  stm32f10x_adc.o(i.ADC_SoftwareStartConvCmd)
    i.ADC_StartCalibration                   0x08000bf0   Section        0  stm32f10x_adc.o(i.ADC_StartCalibration)
    i.AutoControl                            0x08000bfc   Section        0  main.o(i.AutoControl)
    i.BUMP_Init                              0x08000c58   Section        0  bump.o(i.BUMP_Init)
    i.BusFault_Handler                       0x08000ca0   Section        0  stm32f10x_it.o(i.BusFault_Handler)
    i.Control_Manager                        0x08000ca4   Section        0  main.o(i.Control_Manager)
    i.DHT11_Check                            0x08000d70   Section        0  dht11.o(i.DHT11_Check)
    i.DHT11_Init                             0x08000dcc   Section        0  dht11.o(i.DHT11_Init)
    i.DHT11_Mode                             0x08000e0c   Section        0  dht11.o(i.DHT11_Mode)
    i.DHT11_Read_Bit                         0x08000e44   Section        0  dht11.o(i.DHT11_Read_Bit)
    i.DHT11_Read_Byte                        0x08000ea0   Section        0  dht11.o(i.DHT11_Read_Byte)
    i.DHT11_Read_Data                        0x08000ebe   Section        0  dht11.o(i.DHT11_Read_Data)
    i.DHT11_Rst                              0x08000f18   Section        0  dht11.o(i.DHT11_Rst)
    i.DMA_Cmd                                0x08000f48   Section        0  stm32f10x_dma.o(i.DMA_Cmd)
    i.DMA_Init                               0x08000f60   Section        0  stm32f10x_dma.o(i.DMA_Init)
    i.DebugMon_Handler                       0x08000f9c   Section        0  stm32f10x_it.o(i.DebugMon_Handler)
    i.FAN_Init                               0x08000fa0   Section        0  fan.o(i.FAN_Init)
    i.FLASH_ClearFlag                        0x08000fd4   Section        0  stm32f10x_flash.o(i.FLASH_ClearFlag)
    i.FLASH_ErasePage                        0x08000fe0   Section        0  stm32f10x_flash.o(i.FLASH_ErasePage)
    i.FLASH_GetBank1Status                   0x0800102c   Section        0  stm32f10x_flash.o(i.FLASH_GetBank1Status)
    i.FLASH_Lock                             0x08001060   Section        0  stm32f10x_flash.o(i.FLASH_Lock)
    i.FLASH_ProgramHalfWord                  0x08001074   Section        0  stm32f10x_flash.o(i.FLASH_ProgramHalfWord)
    i.FLASH_R                                0x080010b4   Section        0  flash.o(i.FLASH_R)
    i.FLASH_Unlock                           0x080010bc   Section        0  stm32f10x_flash.o(i.FLASH_Unlock)
    i.FLASH_W                                0x080010d4   Section        0  flash.o(i.FLASH_W)
    i.FLASH_WaitForLastOperation             0x0800113a   Section        0  stm32f10x_flash.o(i.FLASH_WaitForLastOperation)
    i.GPIO_Init                              0x08001160   Section        0  stm32f10x_gpio.o(i.GPIO_Init)
    i.GPIO_PinRemapConfig                    0x08001278   Section        0  stm32f10x_gpio.o(i.GPIO_PinRemapConfig)
    i.GPIO_ReadInputDataBit                  0x08001308   Section        0  stm32f10x_gpio.o(i.GPIO_ReadInputDataBit)
    i.GPIO_ResetBits                         0x0800131a   Section        0  stm32f10x_gpio.o(i.GPIO_ResetBits)
    i.GPIO_SetBits                           0x0800131e   Section        0  stm32f10x_gpio.o(i.GPIO_SetBits)
    i.GPIO_WriteBit                          0x08001322   Section        0  stm32f10x_gpio.o(i.GPIO_WriteBit)
    i.HardFault_Handler                      0x0800132c   Section        0  stm32f10x_it.o(i.HardFault_Handler)
    i.IIC_delay                              0x08001330   Section        0  oled.o(i.IIC_delay)
    i.JSQ_Init                               0x08001340   Section        0  jsq.o(i.JSQ_Init)
    i.Key_Init                               0x08001388   Section        0  key.o(i.Key_Init)
    i.Key_scan                               0x080013b4   Section        0  key.o(i.Key_scan)
    i.LDR_LuxData                            0x0800165c   Section        0  adcx.o(i.LDR_LuxData)
    i.LED_Init                               0x080016f0   Section        0  led.o(i.LED_Init)
    i.LED_Off                                0x08001724   Section        0  led.o(i.LED_Off)
    i.LED_On                                 0x08001738   Section        0  led.o(i.LED_On)
    i.MOTOR_Direction                        0x0800174c   Section        0  stepmotor.o(i.MOTOR_Direction)
    i.MOTOR_Direction_Angle                  0x08001802   Section        0  stepmotor.o(i.MOTOR_Direction_Angle)
    i.MOTOR_Init                             0x08001830   Section        0  stepmotor.o(i.MOTOR_Init)
    i.MOTOR_Rhythm_4_1_4                     0x08001884   Section        0  stepmotor.o(i.MOTOR_Rhythm_4_1_4)
    i.MOTOR_Rhythm_4_1_8                     0x08001954   Section        0  stepmotor.o(i.MOTOR_Rhythm_4_1_8)
    i.MOTOR_Rhythm_4_2_4                     0x08001ad0   Section        0  stepmotor.o(i.MOTOR_Rhythm_4_2_4)
    i.MQ135_GetData_PPM                      0x08001ba0   Section        0  adcx.o(i.MQ135_GetData_PPM)
    i.MQ2_GetData_PPM                        0x08001c68   Section        0  adcx.o(i.MQ2_GetData_PPM)
    i.MQ7_GetData_PPM                        0x08001d30   Section        0  adcx.o(i.MQ7_GetData_PPM)
    i.ManualControl                          0x08001df8   Section        0  main.o(i.ManualControl)
    i.ManualSettingsDisplay1                 0x08001ecc   Section        0  main.o(i.ManualSettingsDisplay1)
    i.ManualSettingsDisplay2                 0x08001f74   Section        0  main.o(i.ManualSettingsDisplay2)
    i.MemManage_Handler                      0x08001fcc   Section        0  stm32f10x_it.o(i.MemManage_Handler)
    i.NMI_Handler                            0x08001fd0   Section        0  stm32f10x_it.o(i.NMI_Handler)
    i.NVIC_Init                              0x08001fd4   Section        0  misc.o(i.NVIC_Init)
    i.OLED_Clear                             0x08002044   Section        0  oled.o(i.OLED_Clear)
    i.OLED_DrawPoint                         0x08002074   Section        0  oled.o(i.OLED_DrawPoint)
    i.OLED_I2C_Start                         0x080020ec   Section        0  oled.o(i.OLED_I2C_Start)
    i.OLED_I2C_Stop                          0x08002120   Section        0  oled.o(i.OLED_I2C_Stop)
    i.OLED_I2C_WaitAck                       0x08002144   Section        0  oled.o(i.OLED_I2C_WaitAck)
    i.OLED_Init                              0x08002170   Section        0  oled.o(i.OLED_Init)
    i.OLED_Pow                               0x08002294   Section        0  oled.o(i.OLED_Pow)
    i.OLED_Refresh                           0x080022ac   Section        0  oled.o(i.OLED_Refresh)
    i.OLED_Send_Byte                         0x08002314   Section        0  oled.o(i.OLED_Send_Byte)
    i.OLED_ShowChar                          0x08002360   Section        0  oled.o(i.OLED_ShowChar)
    i.OLED_ShowChinese                       0x080024a0   Section        0  oled.o(i.OLED_ShowChinese)
    i.OLED_ShowNum                           0x080025a4   Section        0  oled.o(i.OLED_ShowNum)
    i.OLED_ShowString                        0x08002638   Section        0  oled.o(i.OLED_ShowString)
    i.OLED_WR_Byte                           0x08002686   Section        0  oled.o(i.OLED_WR_Byte)
    i.OLED_autoPage1                         0x080026be   Section        0  main.o(i.OLED_autoPage1)
    i.OLED_autoPage2                         0x08002806   Section        0  main.o(i.OLED_autoPage2)
    i.OLED_manualOption                      0x080028ae   Section        0  main.o(i.OLED_manualOption)
    i.OLED_manualPage1                       0x08002a58   Section        0  main.o(i.OLED_manualPage1)
    i.OLED_manualPage2                       0x08002b1c   Section        0  main.o(i.OLED_manualPage2)
    i.OLED_settingsOption                    0x08002b90   Section        0  main.o(i.OLED_settingsOption)
    i.OLED_settingsPage1                     0x08002d3a   Section        0  main.o(i.OLED_settingsPage1)
    i.OLED_settingsPage2                     0x08002e80   Section        0  main.o(i.OLED_settingsPage2)
    i.PendSV_Handler                         0x08002eb0   Section        0  stm32f10x_it.o(i.PendSV_Handler)
    i.RCC_ADCCLKConfig                       0x08002eb4   Section        0  stm32f10x_rcc.o(i.RCC_ADCCLKConfig)
    i.RCC_AHBPeriphClockCmd                  0x08002ecc   Section        0  stm32f10x_rcc.o(i.RCC_AHBPeriphClockCmd)
    i.RCC_APB1PeriphClockCmd                 0x08002eec   Section        0  stm32f10x_rcc.o(i.RCC_APB1PeriphClockCmd)
    i.RCC_APB2PeriphClockCmd                 0x08002f0c   Section        0  stm32f10x_rcc.o(i.RCC_APB2PeriphClockCmd)
    i.RCC_GetClocksFreq                      0x08002f2c   Section        0  stm32f10x_rcc.o(i.RCC_GetClocksFreq)
    i.SVC_Handler                            0x08003000   Section        0  stm32f10x_it.o(i.SVC_Handler)
    i.ScanGizwitsMode                        0x08003004   Section        0  main.o(i.ScanGizwitsMode)
    i.SensorDataDisplay1                     0x080030d4   Section        0  main.o(i.SensorDataDisplay1)
    i.SensorDataDisplay2                     0x08003134   Section        0  main.o(i.SensorDataDisplay2)
    i.SensorScan                             0x08003168   Section        0  modules.o(i.SensorScan)
    i.SetAuto                                0x08003198   Section        0  main.o(i.SetAuto)
    i.SetManual                              0x080031d0   Section        0  main.o(i.SetManual)
    i.SetSelection                           0x08003218   Section        0  main.o(i.SetSelection)
    i.SetSysClock                            0x08003260   Section        0  system_stm32f10x.o(i.SetSysClock)
    SetSysClock                              0x08003261   Thumb Code     8  system_stm32f10x.o(i.SetSysClock)
    i.SetSysClockTo72                        0x08003268   Section        0  system_stm32f10x.o(i.SetSysClockTo72)
    SetSysClockTo72                          0x08003269   Thumb Code   214  system_stm32f10x.o(i.SetSysClockTo72)
    i.SettingsThresholdDisplay1              0x08003348   Section        0  main.o(i.SettingsThresholdDisplay1)
    i.SettingsThresholdDisplay2              0x080033a8   Section        0  main.o(i.SettingsThresholdDisplay2)
    i.SysTick_CLKSourceConfig                0x080033dc   Section        0  misc.o(i.SysTick_CLKSourceConfig)
    i.SysTick_Handler                        0x08003404   Section        0  stm32f10x_it.o(i.SysTick_Handler)
    i.SystemInit                             0x08003408   Section        0  system_stm32f10x.o(i.SystemInit)
    i.TIM2_IRQHandler                        0x08003468   Section        0  tim2.o(i.TIM2_IRQHandler)
    i.TIM2_Init                              0x08003482   Section        0  tim2.o(i.TIM2_Init)
    i.TIM_ClearITPendingBit                  0x080034e0   Section        0  stm32f10x_tim.o(i.TIM_ClearITPendingBit)
    i.TIM_Cmd                                0x080034e6   Section        0  stm32f10x_tim.o(i.TIM_Cmd)
    i.TIM_GetITStatus                        0x080034fe   Section        0  stm32f10x_tim.o(i.TIM_GetITStatus)
    i.TIM_ITConfig                           0x08003520   Section        0  stm32f10x_tim.o(i.TIM_ITConfig)
    i.TIM_TimeBaseInit                       0x08003534   Section        0  stm32f10x_tim.o(i.TIM_TimeBaseInit)
    i.ThresholdSettings                      0x080035d8   Section        0  main.o(i.ThresholdSettings)
    i.USART1_Config                          0x080037d0   Section        0  usart.o(i.USART1_Config)
    i.USART_Cmd                              0x0800384c   Section        0  stm32f10x_usart.o(i.USART_Cmd)
    i.USART_Init                             0x08003864   Section        0  stm32f10x_usart.o(i.USART_Init)
    i.USART_SendData                         0x0800393c   Section        0  stm32f10x_usart.o(i.USART_SendData)
    i.UsageFault_Handler                     0x08003944   Section        0  stm32f10x_it.o(i.UsageFault_Handler)
    i.__0printf$bare                         0x08003948   Section        0  printfb.o(i.__0printf$bare)
    i.__ARM_fpclassify                       0x08003958   Section        0  fpclassify.o(i.__ARM_fpclassify)
    i.__kernel_poly                          0x08003980   Section        0  poly.o(i.__kernel_poly)
    i.__mathlib_dbl_divzero                  0x08003a2c   Section        0  dunder.o(i.__mathlib_dbl_divzero)
    i.__mathlib_dbl_infnan2                  0x08003a3c   Section        0  dunder.o(i.__mathlib_dbl_infnan2)
    i.__mathlib_dbl_invalid                  0x08003a40   Section        0  dunder.o(i.__mathlib_dbl_invalid)
    i.__mathlib_dbl_overflow                 0x08003a4c   Section        0  dunder.o(i.__mathlib_dbl_overflow)
    i.__mathlib_dbl_underflow                0x08003a5c   Section        0  dunder.o(i.__mathlib_dbl_underflow)
    i.__scatterload_copy                     0x08003a6c   Section       14  handlers.o(i.__scatterload_copy)
    i.__scatterload_null                     0x08003a7a   Section        2  handlers.o(i.__scatterload_null)
    i.__scatterload_zeroinit                 0x08003a7c   Section       14  handlers.o(i.__scatterload_zeroinit)
    i.__set_errno                            0x08003a8c   Section        0  errno.o(i.__set_errno)
    i._printf_core                           0x08003a98   Section        0  printfb.o(i._printf_core)
    _printf_core                             0x08003a99   Thumb Code    34  printfb.o(i._printf_core)
    i.delay_init                             0x08003abc   Section        0  delay.o(i.delay_init)
    i.delay_ms                               0x08003af8   Section        0  delay.o(i.delay_ms)
    i.delay_us                               0x08003b34   Section        0  delay.o(i.delay_us)
    i.fputc                                  0x08003b70   Section        0  usart.o(i.fputc)
    i.main                                   0x08003b94   Section        0  main.o(i.main)
    i.pow                                    0x08003d98   Section        0  pow.o(i.pow)
    i.sqrt                                   0x08004770   Section        0  sqrt.o(i.sqrt)
    .constdata                               0x080047bc   Section     8944  oled.o(.constdata)
    .constdata                               0x08006ab0   Section      136  pow.o(.constdata)
    bp                                       0x08006ab0   Data          16  pow.o(.constdata)
    dp_h                                     0x08006ac0   Data          16  pow.o(.constdata)
    dp_l                                     0x08006ad0   Data          16  pow.o(.constdata)
    L                                        0x08006ae0   Data          48  pow.o(.constdata)
    P                                        0x08006b10   Data          40  pow.o(.constdata)
    .constdata                               0x08006b38   Section        8  qnan.o(.constdata)
    .data                                    0x20000000   Section       13  main.o(.data)
    count_a                                  0x20000009   Data           1  main.o(.data)
    count_m                                  0x2000000a   Data           1  main.o(.data)
    count_s                                  0x2000000b   Data           1  main.o(.data)
    .data                                    0x2000000e   Section       29  key.o(.data)
    .data                                    0x2000002c   Section        4  delay.o(.data)
    fac_us                                   0x2000002c   Data           1  delay.o(.data)
    fac_ms                                   0x2000002e   Data           2  delay.o(.data)
    .data                                    0x20000030   Section        8  adcx.o(.data)
    AD_Value                                 0x20000030   Data           8  adcx.o(.data)
    .data                                    0x20000038   Section       20  stm32f10x_rcc.o(.data)
    APBAHBPrescTable                         0x20000038   Data          16  stm32f10x_rcc.o(.data)
    ADCPrescTable                            0x20000048   Data           4  stm32f10x_rcc.o(.data)
    .data                                    0x2000004c   Section        4  stdout.o(.data)
    .data                                    0x20000050   Section        4  errno.o(.data)
    _errno                                   0x20000050   Data           4  errno.o(.data)
    .bss                                     0x20000054   Section       28  main.o(.bss)
    .bss                                     0x20000070   Section     1152  oled.o(.bss)
    STACK                                    0x200004f0   Section      512  startup_stm32f10x_md.o(STACK)

    Global Symbols

    Symbol Name                              Value     Ov Type        Size  Object(Section)

    BuildAttributes$$THM_ISAv4$P$D$K$B$S$PE$A:L22UL41UL21$X:L11$S22US41US21$IEEE1$IW$USESV6$~STKCKD$USESV7$~SHL$OTIME$ROPI$IEEEX$EBA8$MICROLIB$REQ8$PRES8$EABIv2 0x00000000   Number         0  anon$$obj.o ABSOLUTE
    __ARM_use_no_argv                        0x00000000   Number         0  main.o ABSOLUTE
    __cpp_initialize__aeabi_                  - Undefined Weak Reference
    __cxa_finalize                            - Undefined Weak Reference
    __decompress                              - Undefined Weak Reference
    _clock_init                               - Undefined Weak Reference
    _microlib_exit                            - Undefined Weak Reference
    __Vectors_Size                           0x000000ec   Number         0  startup_stm32f10x_md.o ABSOLUTE
    __Vectors                                0x08000000   Data           4  startup_stm32f10x_md.o(RESET)
    __Vectors_End                            0x080000ec   Data           0  startup_stm32f10x_md.o(RESET)
    __main                                   0x080000ed   Thumb Code     0  entry.o(.ARM.Collect$$$$00000000)
    _main_stk                                0x080000ed   Thumb Code     0  entry2.o(.ARM.Collect$$$$00000001)
    _main_scatterload                        0x080000f1   Thumb Code     0  entry5.o(.ARM.Collect$$$$00000004)
    __main_after_scatterload                 0x080000f5   Thumb Code     0  entry5.o(.ARM.Collect$$$$00000004)
    _main_clock                              0x080000f5   Thumb Code     0  entry7b.o(.ARM.Collect$$$$00000008)
    _main_cpp_init                           0x080000f5   Thumb Code     0  entry8b.o(.ARM.Collect$$$$0000000A)
    _main_init                               0x080000f5   Thumb Code     0  entry9a.o(.ARM.Collect$$$$0000000B)
    __rt_final_cpp                           0x080000fd   Thumb Code     0  entry10a.o(.ARM.Collect$$$$0000000D)
    __rt_final_exit                          0x080000fd   Thumb Code     0  entry11a.o(.ARM.Collect$$$$0000000F)
    Reset_Handler                            0x08000101   Thumb Code     4  startup_stm32f10x_md.o(.text)
    ADC1_2_IRQHandler                        0x08000117   Thumb Code     0  startup_stm32f10x_md.o(.text)
    CAN1_RX1_IRQHandler                      0x08000117   Thumb Code     0  startup_stm32f10x_md.o(.text)
    CAN1_SCE_IRQHandler                      0x08000117   Thumb Code     0  startup_stm32f10x_md.o(.text)
    DMA1_Channel1_IRQHandler                 0x08000117   Thumb Code     0  startup_stm32f10x_md.o(.text)
    DMA1_Channel2_IRQHandler                 0x08000117   Thumb Code     0  startup_stm32f10x_md.o(.text)
    DMA1_Channel3_IRQHandler                 0x08000117   Thumb Code     0  startup_stm32f10x_md.o(.text)
    DMA1_Channel4_IRQHandler                 0x08000117   Thumb Code     0  startup_stm32f10x_md.o(.text)
    DMA1_Channel5_IRQHandler                 0x08000117   Thumb Code     0  startup_stm32f10x_md.o(.text)
    DMA1_Channel6_IRQHandler                 0x08000117   Thumb Code     0  startup_stm32f10x_md.o(.text)
    DMA1_Channel7_IRQHandler                 0x08000117   Thumb Code     0  startup_stm32f10x_md.o(.text)
    EXTI0_IRQHandler                         0x08000117   Thumb Code     0  startup_stm32f10x_md.o(.text)
    EXTI15_10_IRQHandler                     0x08000117   Thumb Code     0  startup_stm32f10x_md.o(.text)
    EXTI1_IRQHandler                         0x08000117   Thumb Code     0  startup_stm32f10x_md.o(.text)
    EXTI2_IRQHandler                         0x08000117   Thumb Code     0  startup_stm32f10x_md.o(.text)
    EXTI3_IRQHandler                         0x08000117   Thumb Code     0  startup_stm32f10x_md.o(.text)
    EXTI4_IRQHandler                         0x08000117   Thumb Code     0  startup_stm32f10x_md.o(.text)
    EXTI9_5_IRQHandler                       0x08000117   Thumb Code     0  startup_stm32f10x_md.o(.text)
    FLASH_IRQHandler                         0x08000117   Thumb Code     0  startup_stm32f10x_md.o(.text)
    I2C1_ER_IRQHandler                       0x08000117   Thumb Code     0  startup_stm32f10x_md.o(.text)
    I2C1_EV_IRQHandler                       0x08000117   Thumb Code     0  startup_stm32f10x_md.o(.text)
    I2C2_ER_IRQHandler                       0x08000117   Thumb Code     0  startup_stm32f10x_md.o(.text)
    I2C2_EV_IRQHandler                       0x08000117   Thumb Code     0  startup_stm32f10x_md.o(.text)
    PVD_IRQHandler                           0x08000117   Thumb Code     0  startup_stm32f10x_md.o(.text)
    RCC_IRQHandler                           0x08000117   Thumb Code     0  startup_stm32f10x_md.o(.text)
    RTCAlarm_IRQHandler                      0x08000117   Thumb Code     0  startup_stm32f10x_md.o(.text)
    RTC_IRQHandler                           0x08000117   Thumb Code     0  startup_stm32f10x_md.o(.text)
    SPI1_IRQHandler                          0x08000117   Thumb Code     0  startup_stm32f10x_md.o(.text)
    SPI2_IRQHandler                          0x08000117   Thumb Code     0  startup_stm32f10x_md.o(.text)
    TAMPER_IRQHandler                        0x08000117   Thumb Code     0  startup_stm32f10x_md.o(.text)
    TIM1_BRK_IRQHandler                      0x08000117   Thumb Code     0  startup_stm32f10x_md.o(.text)
    TIM1_CC_IRQHandler                       0x08000117   Thumb Code     0  startup_stm32f10x_md.o(.text)
    TIM1_TRG_COM_IRQHandler                  0x08000117   Thumb Code     0  startup_stm32f10x_md.o(.text)
    TIM1_UP_IRQHandler                       0x08000117   Thumb Code     0  startup_stm32f10x_md.o(.text)
    TIM3_IRQHandler                          0x08000117   Thumb Code     0  startup_stm32f10x_md.o(.text)
    TIM4_IRQHandler                          0x08000117   Thumb Code     0  startup_stm32f10x_md.o(.text)
    USART1_IRQHandler                        0x08000117   Thumb Code     0  startup_stm32f10x_md.o(.text)
    USART2_IRQHandler                        0x08000117   Thumb Code     0  startup_stm32f10x_md.o(.text)
    USART3_IRQHandler                        0x08000117   Thumb Code     0  startup_stm32f10x_md.o(.text)
    USBWakeUp_IRQHandler                     0x08000117   Thumb Code     0  startup_stm32f10x_md.o(.text)
    USB_HP_CAN1_TX_IRQHandler                0x08000117   Thumb Code     0  startup_stm32f10x_md.o(.text)
    USB_LP_CAN1_RX0_IRQHandler               0x08000117   Thumb Code     0  startup_stm32f10x_md.o(.text)
    WWDG_IRQHandler                          0x08000117   Thumb Code     0  startup_stm32f10x_md.o(.text)
    __aeabi_fadd                             0x0800011d   Thumb Code   164  fadd.o(.text)
    __aeabi_fsub                             0x080001c1   Thumb Code     6  fadd.o(.text)
    __aeabi_frsub                            0x080001c7   Thumb Code     6  fadd.o(.text)
    __aeabi_fmul                             0x080001cd   Thumb Code   100  fmul.o(.text)
    __aeabi_fdiv                             0x08000231   Thumb Code   124  fdiv.o(.text)
    __aeabi_dmul                             0x080002ad   Thumb Code   228  dmul.o(.text)
    __aeabi_ddiv                             0x08000391   Thumb Code   222  ddiv.o(.text)
    __aeabi_ui2f                             0x0800046f   Thumb Code    10  ffltui.o(.text)
    __aeabi_f2uiz                            0x08000479   Thumb Code    40  ffixui.o(.text)
    __aeabi_d2uiz                            0x080004a1   Thumb Code    50  dfixui.o(.text)
    __aeabi_f2d                              0x080004d3   Thumb Code    38  f2d.o(.text)
    __aeabi_d2f                              0x080004f9   Thumb Code    56  d2f.o(.text)
    __aeabi_llsr                             0x08000531   Thumb Code    32  llushr.o(.text)
    _ll_ushift_r                             0x08000531   Thumb Code     0  llushr.o(.text)
    __I$use$fp                               0x08000551   Thumb Code     0  iusefp.o(.text)
    _float_round                             0x08000551   Thumb Code    18  fepilogue.o(.text)
    _float_epilogue                          0x08000563   Thumb Code    92  fepilogue.o(.text)
    _double_round                            0x080005bf   Thumb Code    30  depilogue.o(.text)
    _double_epilogue                         0x080005dd   Thumb Code   156  depilogue.o(.text)
    __aeabi_dadd                             0x08000679   Thumb Code   322  dadd.o(.text)
    __aeabi_dsub                             0x080007bb   Thumb Code     6  dadd.o(.text)
    __aeabi_drsub                            0x080007c1   Thumb Code     6  dadd.o(.text)
    __ARM_scalbn                             0x080007c7   Thumb Code    46  dscalb.o(.text)
    scalbn                                   0x080007c7   Thumb Code     0  dscalb.o(.text)
    __aeabi_i2d                              0x080007f5   Thumb Code    34  dflti.o(.text)
    __aeabi_cdrcmple                         0x08000819   Thumb Code    48  cdrcmple.o(.text)
    __scatterload                            0x08000849   Thumb Code    28  init.o(.text)
    __scatterload_rt2                        0x08000849   Thumb Code     0  init.o(.text)
    __aeabi_llsl                             0x0800086d   Thumb Code    30  llshl.o(.text)
    _ll_shift_l                              0x0800086d   Thumb Code     0  llshl.o(.text)
    __aeabi_lasr                             0x0800088b   Thumb Code    36  llsshr.o(.text)
    _ll_sshift_r                             0x0800088b   Thumb Code     0  llsshr.o(.text)
    _dsqrt                                   0x080008af   Thumb Code   162  dsqrt.o(.text)
    ADCX_Init                                0x08000951   Thumb Code   276  adcx.o(i.ADCX_Init)
    ADC_Cmd                                  0x08000a75   Thumb Code    22  stm32f10x_adc.o(i.ADC_Cmd)
    ADC_DMACmd                               0x08000a8b   Thumb Code    22  stm32f10x_adc.o(i.ADC_DMACmd)
    ADC_GetCalibrationStatus                 0x08000aa1   Thumb Code    20  stm32f10x_adc.o(i.ADC_GetCalibrationStatus)
    ADC_GetResetCalibrationStatus            0x08000ab5   Thumb Code    20  stm32f10x_adc.o(i.ADC_GetResetCalibrationStatus)
    ADC_Init                                 0x08000ac9   Thumb Code    70  stm32f10x_adc.o(i.ADC_Init)
    ADC_RegularChannelConfig                 0x08000b19   Thumb Code   184  stm32f10x_adc.o(i.ADC_RegularChannelConfig)
    ADC_ResetCalibration                     0x08000bd1   Thumb Code    10  stm32f10x_adc.o(i.ADC_ResetCalibration)
    ADC_SoftwareStartConvCmd                 0x08000bdb   Thumb Code    22  stm32f10x_adc.o(i.ADC_SoftwareStartConvCmd)
    ADC_StartCalibration                     0x08000bf1   Thumb Code    10  stm32f10x_adc.o(i.ADC_StartCalibration)
    AutoControl                              0x08000bfd   Thumb Code    80  main.o(i.AutoControl)
    BUMP_Init                                0x08000c59   Thumb Code    62  bump.o(i.BUMP_Init)
    BusFault_Handler                         0x08000ca1   Thumb Code     4  stm32f10x_it.o(i.BusFault_Handler)
    Control_Manager                          0x08000ca5   Thumb Code   196  main.o(i.Control_Manager)
    DHT11_Check                              0x08000d71   Thumb Code    88  dht11.o(i.DHT11_Check)
    DHT11_Init                               0x08000dcd   Thumb Code    58  dht11.o(i.DHT11_Init)
    DHT11_Mode                               0x08000e0d   Thumb Code    52  dht11.o(i.DHT11_Mode)
    DHT11_Read_Bit                           0x08000e45   Thumb Code    88  dht11.o(i.DHT11_Read_Bit)
    DHT11_Read_Byte                          0x08000ea1   Thumb Code    30  dht11.o(i.DHT11_Read_Byte)
    DHT11_Read_Data                          0x08000ebf   Thumb Code    88  dht11.o(i.DHT11_Read_Data)
    DHT11_Rst                                0x08000f19   Thumb Code    42  dht11.o(i.DHT11_Rst)
    DMA_Cmd                                  0x08000f49   Thumb Code    24  stm32f10x_dma.o(i.DMA_Cmd)
    DMA_Init                                 0x08000f61   Thumb Code    60  stm32f10x_dma.o(i.DMA_Init)
    DebugMon_Handler                         0x08000f9d   Thumb Code     2  stm32f10x_it.o(i.DebugMon_Handler)
    FAN_Init                                 0x08000fa1   Thumb Code    46  fan.o(i.FAN_Init)
    FLASH_ClearFlag                          0x08000fd5   Thumb Code     6  stm32f10x_flash.o(i.FLASH_ClearFlag)
    FLASH_ErasePage                          0x08000fe1   Thumb Code    72  stm32f10x_flash.o(i.FLASH_ErasePage)
    FLASH_GetBank1Status                     0x0800102d   Thumb Code    48  stm32f10x_flash.o(i.FLASH_GetBank1Status)
    FLASH_Lock                               0x08001061   Thumb Code    14  stm32f10x_flash.o(i.FLASH_Lock)
    FLASH_ProgramHalfWord                    0x08001075   Thumb Code    60  stm32f10x_flash.o(i.FLASH_ProgramHalfWord)
    FLASH_R                                  0x080010b5   Thumb Code     6  flash.o(i.FLASH_R)
    FLASH_Unlock                             0x080010bd   Thumb Code    12  stm32f10x_flash.o(i.FLASH_Unlock)
    FLASH_W                                  0x080010d5   Thumb Code   102  flash.o(i.FLASH_W)
    FLASH_WaitForLastOperation               0x0800113b   Thumb Code    38  stm32f10x_flash.o(i.FLASH_WaitForLastOperation)
    GPIO_Init                                0x08001161   Thumb Code   278  stm32f10x_gpio.o(i.GPIO_Init)
    GPIO_PinRemapConfig                      0x08001279   Thumb Code   138  stm32f10x_gpio.o(i.GPIO_PinRemapConfig)
    GPIO_ReadInputDataBit                    0x08001309   Thumb Code    18  stm32f10x_gpio.o(i.GPIO_ReadInputDataBit)
    GPIO_ResetBits                           0x0800131b   Thumb Code     4  stm32f10x_gpio.o(i.GPIO_ResetBits)
    GPIO_SetBits                             0x0800131f   Thumb Code     4  stm32f10x_gpio.o(i.GPIO_SetBits)
    GPIO_WriteBit                            0x08001323   Thumb Code    10  stm32f10x_gpio.o(i.GPIO_WriteBit)
    HardFault_Handler                        0x0800132d   Thumb Code     4  stm32f10x_it.o(i.HardFault_Handler)
    IIC_delay                                0x08001331   Thumb Code    16  oled.o(i.IIC_delay)
    JSQ_Init                                 0x08001341   Thumb Code    62  jsq.o(i.JSQ_Init)
    Key_Init                                 0x08001389   Thumb Code    40  key.o(i.Key_Init)
    Key_scan                                 0x080013b5   Thumb Code   606  key.o(i.Key_scan)
    LDR_LuxData                              0x0800165d   Thumb Code   124  adcx.o(i.LDR_LuxData)
    LED_Init                                 0x080016f1   Thumb Code    46  led.o(i.LED_Init)
    LED_Off                                  0x08001725   Thumb Code    14  led.o(i.LED_Off)
    LED_On                                   0x08001739   Thumb Code    14  led.o(i.LED_On)
    MOTOR_Direction                          0x0800174d   Thumb Code   182  stepmotor.o(i.MOTOR_Direction)
    MOTOR_Direction_Angle                    0x08001803   Thumb Code    46  stepmotor.o(i.MOTOR_Direction_Angle)
    MOTOR_Init                               0x08001831   Thumb Code    76  stepmotor.o(i.MOTOR_Init)
    MOTOR_Rhythm_4_1_4                       0x08001885   Thumb Code   200  stepmotor.o(i.MOTOR_Rhythm_4_1_4)
    MOTOR_Rhythm_4_1_8                       0x08001955   Thumb Code   372  stepmotor.o(i.MOTOR_Rhythm_4_1_8)
    MOTOR_Rhythm_4_2_4                       0x08001ad1   Thumb Code   200  stepmotor.o(i.MOTOR_Rhythm_4_2_4)
    MQ135_GetData_PPM                        0x08001ba1   Thumb Code   170  adcx.o(i.MQ135_GetData_PPM)
    MQ2_GetData_PPM                          0x08001c69   Thumb Code   170  adcx.o(i.MQ2_GetData_PPM)
    MQ7_GetData_PPM                          0x08001d31   Thumb Code   170  adcx.o(i.MQ7_GetData_PPM)
    ManualControl                            0x08001df9   Thumb Code   202  main.o(i.ManualControl)
    ManualSettingsDisplay1                   0x08001ecd   Thumb Code   164  main.o(i.ManualSettingsDisplay1)
    ManualSettingsDisplay2                   0x08001f75   Thumb Code    84  main.o(i.ManualSettingsDisplay2)
    MemManage_Handler                        0x08001fcd   Thumb Code     4  stm32f10x_it.o(i.MemManage_Handler)
    NMI_Handler                              0x08001fd1   Thumb Code     2  stm32f10x_it.o(i.NMI_Handler)
    NVIC_Init                                0x08001fd5   Thumb Code   100  misc.o(i.NVIC_Init)
    OLED_Clear                               0x08002045   Thumb Code    42  oled.o(i.OLED_Clear)
    OLED_DrawPoint                           0x08002075   Thumb Code   114  oled.o(i.OLED_DrawPoint)
    OLED_I2C_Start                           0x080020ed   Thumb Code    48  oled.o(i.OLED_I2C_Start)
    OLED_I2C_Stop                            0x08002121   Thumb Code    32  oled.o(i.OLED_I2C_Stop)
    OLED_I2C_WaitAck                         0x08002145   Thumb Code    40  oled.o(i.OLED_I2C_WaitAck)
    OLED_Init                                0x08002171   Thumb Code   286  oled.o(i.OLED_Init)
    OLED_Pow                                 0x08002295   Thumb Code    22  oled.o(i.OLED_Pow)
    OLED_Refresh                             0x080022ad   Thumb Code   100  oled.o(i.OLED_Refresh)
    OLED_Send_Byte                           0x08002315   Thumb Code    70  oled.o(i.OLED_Send_Byte)
    OLED_ShowChar                            0x08002361   Thumb Code   304  oled.o(i.OLED_ShowChar)
    OLED_ShowChinese                         0x080024a1   Thumb Code   244  oled.o(i.OLED_ShowChinese)
    OLED_ShowNum                             0x080025a5   Thumb Code   148  oled.o(i.OLED_ShowNum)
    OLED_ShowString                          0x08002639   Thumb Code    78  oled.o(i.OLED_ShowString)
    OLED_WR_Byte                             0x08002687   Thumb Code    56  oled.o(i.OLED_WR_Byte)
    OLED_autoPage1                           0x080026bf   Thumb Code   328  main.o(i.OLED_autoPage1)
    OLED_autoPage2                           0x08002807   Thumb Code   168  main.o(i.OLED_autoPage2)
    OLED_manualOption                        0x080028af   Thumb Code   426  main.o(i.OLED_manualOption)
    OLED_manualPage1                         0x08002a59   Thumb Code   196  main.o(i.OLED_manualPage1)
    OLED_manualPage2                         0x08002b1d   Thumb Code   116  main.o(i.OLED_manualPage2)
    OLED_settingsOption                      0x08002b91   Thumb Code   426  main.o(i.OLED_settingsOption)
    OLED_settingsPage1                       0x08002d3b   Thumb Code   324  main.o(i.OLED_settingsPage1)
    OLED_settingsPage2                       0x08002e81   Thumb Code    36  main.o(i.OLED_settingsPage2)
    PendSV_Handler                           0x08002eb1   Thumb Code     2  stm32f10x_it.o(i.PendSV_Handler)
    RCC_ADCCLKConfig                         0x08002eb5   Thumb Code    18  stm32f10x_rcc.o(i.RCC_ADCCLKConfig)
    RCC_AHBPeriphClockCmd                    0x08002ecd   Thumb Code    26  stm32f10x_rcc.o(i.RCC_AHBPeriphClockCmd)
    RCC_APB1PeriphClockCmd                   0x08002eed   Thumb Code    26  stm32f10x_rcc.o(i.RCC_APB1PeriphClockCmd)
    RCC_APB2PeriphClockCmd                   0x08002f0d   Thumb Code    26  stm32f10x_rcc.o(i.RCC_APB2PeriphClockCmd)
    RCC_GetClocksFreq                        0x08002f2d   Thumb Code   192  stm32f10x_rcc.o(i.RCC_GetClocksFreq)
    SVC_Handler                              0x08003001   Thumb Code     2  stm32f10x_it.o(i.SVC_Handler)
    ScanGizwitsMode                          0x08003005   Thumb Code   204  main.o(i.ScanGizwitsMode)
    SensorDataDisplay1                       0x080030d5   Thumb Code    90  main.o(i.SensorDataDisplay1)
    SensorDataDisplay2                       0x08003135   Thumb Code    46  main.o(i.SensorDataDisplay2)
    SensorScan                               0x08003169   Thumb Code    44  modules.o(i.SensorScan)
    SetAuto                                  0x08003199   Thumb Code    48  main.o(i.SetAuto)
    SetManual                                0x080031d1   Thumb Code    62  main.o(i.SetManual)
    SetSelection                             0x08003219   Thumb Code    64  main.o(i.SetSelection)
    SettingsThresholdDisplay1                0x08003349   Thumb Code    90  main.o(i.SettingsThresholdDisplay1)
    SettingsThresholdDisplay2                0x080033a9   Thumb Code    46  main.o(i.SettingsThresholdDisplay2)
    SysTick_CLKSourceConfig                  0x080033dd   Thumb Code    40  misc.o(i.SysTick_CLKSourceConfig)
    SysTick_Handler                          0x08003405   Thumb Code     2  stm32f10x_it.o(i.SysTick_Handler)
    SystemInit                               0x08003409   Thumb Code    78  system_stm32f10x.o(i.SystemInit)
    TIM2_IRQHandler                          0x08003469   Thumb Code    26  tim2.o(i.TIM2_IRQHandler)
    TIM2_Init                                0x08003483   Thumb Code    94  tim2.o(i.TIM2_Init)
    TIM_ClearITPendingBit                    0x080034e1   Thumb Code     6  stm32f10x_tim.o(i.TIM_ClearITPendingBit)
    TIM_Cmd                                  0x080034e7   Thumb Code    24  stm32f10x_tim.o(i.TIM_Cmd)
    TIM_GetITStatus                          0x080034ff   Thumb Code    34  stm32f10x_tim.o(i.TIM_GetITStatus)
    TIM_ITConfig                             0x08003521   Thumb Code    18  stm32f10x_tim.o(i.TIM_ITConfig)
    TIM_TimeBaseInit                         0x08003535   Thumb Code   122  stm32f10x_tim.o(i.TIM_TimeBaseInit)
    ThresholdSettings                        0x080035d9   Thumb Code   496  main.o(i.ThresholdSettings)
    USART1_Config                            0x080037d1   Thumb Code   114  usart.o(i.USART1_Config)
    USART_Cmd                                0x0800384d   Thumb Code    24  stm32f10x_usart.o(i.USART_Cmd)
    USART_Init                               0x08003865   Thumb Code   210  stm32f10x_usart.o(i.USART_Init)
    USART_SendData                           0x0800393d   Thumb Code     8  stm32f10x_usart.o(i.USART_SendData)
    UsageFault_Handler                       0x08003945   Thumb Code     4  stm32f10x_it.o(i.UsageFault_Handler)
    __0printf$bare                           0x08003949   Thumb Code     8  printfb.o(i.__0printf$bare)
    __1printf$bare                           0x08003949   Thumb Code     0  printfb.o(i.__0printf$bare)
    __2printf                                0x08003949   Thumb Code     0  printfb.o(i.__0printf$bare)
    __ARM_fpclassify                         0x08003959   Thumb Code    40  fpclassify.o(i.__ARM_fpclassify)
    __kernel_poly                            0x08003981   Thumb Code   170  poly.o(i.__kernel_poly)
    __mathlib_dbl_divzero                    0x08003a2d   Thumb Code    12  dunder.o(i.__mathlib_dbl_divzero)
    __mathlib_dbl_infnan2                    0x08003a3d   Thumb Code     4  dunder.o(i.__mathlib_dbl_infnan2)
    __mathlib_dbl_invalid                    0x08003a41   Thumb Code    12  dunder.o(i.__mathlib_dbl_invalid)
    __mathlib_dbl_overflow                   0x08003a4d   Thumb Code    14  dunder.o(i.__mathlib_dbl_overflow)
    __mathlib_dbl_underflow                  0x08003a5d   Thumb Code    10  dunder.o(i.__mathlib_dbl_underflow)
    __scatterload_copy                       0x08003a6d   Thumb Code    14  handlers.o(i.__scatterload_copy)
    __scatterload_null                       0x08003a7b   Thumb Code     2  handlers.o(i.__scatterload_null)
    __scatterload_zeroinit                   0x08003a7d   Thumb Code    14  handlers.o(i.__scatterload_zeroinit)
    __set_errno                              0x08003a8d   Thumb Code     6  errno.o(i.__set_errno)
    delay_init                               0x08003abd   Thumb Code    52  delay.o(i.delay_init)
    delay_ms                                 0x08003af9   Thumb Code    56  delay.o(i.delay_ms)
    delay_us                                 0x08003b35   Thumb Code    56  delay.o(i.delay_us)
    fputc                                    0x08003b71   Thumb Code    32  usart.o(i.fputc)
    main                                     0x08003b95   Thumb Code   480  main.o(i.main)
    pow                                      0x08003d99   Thumb Code  2512  pow.o(i.pow)
    sqrt                                     0x08004771   Thumb Code    76  sqrt.o(i.sqrt)
    asc2_0806                                0x080047bc   Data         552  oled.o(.constdata)
    asc2_1206                                0x080049e4   Data        1140  oled.o(.constdata)
    asc2_1608                                0x08004e58   Data        1520  oled.o(.constdata)
    asc2_2412                                0x08005448   Data        3420  oled.o(.constdata)
    Hzk1                                     0x080061a4   Data        1600  oled.o(.constdata)
    Hzk2                                     0x080067e4   Data          72  oled.o(.constdata)
    Hzk3                                     0x0800682c   Data         128  oled.o(.constdata)
    Hzk4                                     0x080068ac   Data         512  oled.o(.constdata)
    __mathlib_zero                           0x08006b38   Data           8  qnan.o(.constdata)
    Region$$Table$$Base                      0x08006b40   Number         0  anon$$obj.o(Region$$Table)
    Region$$Table$$Limit                     0x08006b60   Number         0  anon$$obj.o(Region$$Table)
    driveData                                0x20000000   Data           8  main.o(.data)
    mode                                     0x20000008   Data           1  main.o(.data)
    MODE_PAGES                               0x2000000c   Data           1  main.o(.data)
    key1_long_flag                           0x2000000e   Data           1  key.o(.data)
    key2_long_flag                           0x2000000f   Data           1  key.o(.data)
    key3_long_flag                           0x20000010   Data           1  key.o(.data)
    key4_long_flag                           0x20000011   Data           1  key.o(.data)
    key1_lock_flag                           0x20000012   Data           1  key.o(.data)
    key2_lock_flag                           0x20000013   Data           1  key.o(.data)
    key3_lock_flag                           0x20000014   Data           1  key.o(.data)
    key4_lock_flag                           0x20000015   Data           1  key.o(.data)
    key1_cnt                                 0x20000016   Data           2  key.o(.data)
    key2_cnt                                 0x20000018   Data           2  key.o(.data)
    key3_cnt                                 0x2000001a   Data           2  key.o(.data)
    key4_cnt                                 0x2000001c   Data           2  key.o(.data)
    key1_cnt2                                0x2000001e   Data           2  key.o(.data)
    key2_cnt2                                0x20000020   Data           2  key.o(.data)
    key3_cnt2                                0x20000022   Data           2  key.o(.data)
    key4_cnt2                                0x20000024   Data           2  key.o(.data)
    key1_short_flag                          0x20000026   Data           1  key.o(.data)
    key2_short_flag                          0x20000027   Data           1  key.o(.data)
    key3_short_flag                          0x20000028   Data           1  key.o(.data)
    key4_short_flag                          0x20000029   Data           1  key.o(.data)
    KeyNum                                   0x2000002a   Data           1  key.o(.data)
    __stdout                                 0x2000004c   Data           4  stdout.o(.data)
    sensorData                               0x20000054   Data          14  main.o(.bss)
    Sensorthreshold                          0x20000062   Data          14  main.o(.bss)
    OLED_GRAM                                0x20000070   Data        1152  oled.o(.bss)
    __initial_sp                             0x200006f0   Data           0  startup_stm32f10x_md.o(STACK)



==============================================================================

Memory Map of the image

  Image Entry point : 0x080000ed

  Load Region LR_IROM1 (Base: 0x08000000, Size: 0x00006bb4, Max: 0x00010000, ABSOLUTE)

    Execution Region ER_IROM1 (Exec base: 0x08000000, Load base: 0x08000000, Size: 0x00006b60, Max: 0x00010000, ABSOLUTE)

    Exec Addr    Load Addr    Size         Type   Attr      Idx    E Section Name        Object

    0x08000000   0x08000000   0x000000ec   Data   RO         1039    RESET               startup_stm32f10x_md.o
    0x080000ec   0x080000ec   0x00000000   Code   RO         2600  * .ARM.Collect$$$$00000000  mc_w.l(entry.o)
    0x080000ec   0x080000ec   0x00000004   Code   RO         2912    .ARM.Collect$$$$00000001  mc_w.l(entry2.o)
    0x080000f0   0x080000f0   0x00000004   Code   RO         2915    .ARM.Collect$$$$00000004  mc_w.l(entry5.o)
    0x080000f4   0x080000f4   0x00000000   Code   RO         2917    .ARM.Collect$$$$00000008  mc_w.l(entry7b.o)
    0x080000f4   0x080000f4   0x00000000   Code   RO         2919    .ARM.Collect$$$$0000000A  mc_w.l(entry8b.o)
    0x080000f4   0x080000f4   0x00000008   Code   RO         2920    .ARM.Collect$$$$0000000B  mc_w.l(entry9a.o)
    0x080000fc   0x080000fc   0x00000000   Code   RO         2922    .ARM.Collect$$$$0000000D  mc_w.l(entry10a.o)
    0x080000fc   0x080000fc   0x00000000   Code   RO         2924    .ARM.Collect$$$$0000000F  mc_w.l(entry11a.o)
    0x080000fc   0x080000fc   0x00000004   Code   RO         2913    .ARM.Collect$$$$00002712  mc_w.l(entry2.o)
    0x08000100   0x08000100   0x0000001c   Code   RO         1040    .text               startup_stm32f10x_md.o
    0x0800011c   0x0800011c   0x000000b0   Code   RO         2863    .text               mf_w.l(fadd.o)
    0x080001cc   0x080001cc   0x00000064   Code   RO         2865    .text               mf_w.l(fmul.o)
    0x08000230   0x08000230   0x0000007c   Code   RO         2867    .text               mf_w.l(fdiv.o)
    0x080002ac   0x080002ac   0x000000e4   Code   RO         2869    .text               mf_w.l(dmul.o)
    0x08000390   0x08000390   0x000000de   Code   RO         2871    .text               mf_w.l(ddiv.o)
    0x0800046e   0x0800046e   0x0000000a   Code   RO         2875    .text               mf_w.l(ffltui.o)
    0x08000478   0x08000478   0x00000028   Code   RO         2877    .text               mf_w.l(ffixui.o)
    0x080004a0   0x080004a0   0x00000032   Code   RO         2879    .text               mf_w.l(dfixui.o)
    0x080004d2   0x080004d2   0x00000026   Code   RO         2881    .text               mf_w.l(f2d.o)
    0x080004f8   0x080004f8   0x00000038   Code   RO         2883    .text               mf_w.l(d2f.o)
    0x08000530   0x08000530   0x00000020   Code   RO         2931    .text               mc_w.l(llushr.o)
    0x08000550   0x08000550   0x00000000   Code   RO         2940    .text               mc_w.l(iusefp.o)
    0x08000550   0x08000550   0x0000006e   Code   RO         2941    .text               mf_w.l(fepilogue.o)
    0x080005be   0x080005be   0x000000ba   Code   RO         2943    .text               mf_w.l(depilogue.o)
    0x08000678   0x08000678   0x0000014e   Code   RO         2945    .text               mf_w.l(dadd.o)
    0x080007c6   0x080007c6   0x0000002e   Code   RO         2947    .text               mf_w.l(dscalb.o)
    0x080007f4   0x080007f4   0x00000022   Code   RO         2949    .text               mf_w.l(dflti.o)
    0x08000816   0x08000816   0x00000002   PAD
    0x08000818   0x08000818   0x00000030   Code   RO         2953    .text               mf_w.l(cdrcmple.o)
    0x08000848   0x08000848   0x00000024   Code   RO         2955    .text               mc_w.l(init.o)
    0x0800086c   0x0800086c   0x0000001e   Code   RO         2957    .text               mc_w.l(llshl.o)
    0x0800088a   0x0800088a   0x00000024   Code   RO         2959    .text               mc_w.l(llsshr.o)
    0x080008ae   0x080008ae   0x000000a2   Code   RO         2961    .text               mf_w.l(dsqrt.o)
    0x08000950   0x08000950   0x00000124   Code   RO          922    i.ADCX_Init         adcx.o
    0x08000a74   0x08000a74   0x00000016   Code   RO         2128    i.ADC_Cmd           stm32f10x_adc.o
    0x08000a8a   0x08000a8a   0x00000016   Code   RO         2129    i.ADC_DMACmd        stm32f10x_adc.o
    0x08000aa0   0x08000aa0   0x00000014   Code   RO         2136    i.ADC_GetCalibrationStatus  stm32f10x_adc.o
    0x08000ab4   0x08000ab4   0x00000014   Code   RO         2142    i.ADC_GetResetCalibrationStatus  stm32f10x_adc.o
    0x08000ac8   0x08000ac8   0x00000050   Code   RO         2146    i.ADC_Init          stm32f10x_adc.o
    0x08000b18   0x08000b18   0x000000b8   Code   RO         2150    i.ADC_RegularChannelConfig  stm32f10x_adc.o
    0x08000bd0   0x08000bd0   0x0000000a   Code   RO         2151    i.ADC_ResetCalibration  stm32f10x_adc.o
    0x08000bda   0x08000bda   0x00000016   Code   RO         2153    i.ADC_SoftwareStartConvCmd  stm32f10x_adc.o
    0x08000bf0   0x08000bf0   0x0000000a   Code   RO         2155    i.ADC_StartCalibration  stm32f10x_adc.o
    0x08000bfa   0x08000bfa   0x00000002   PAD
    0x08000bfc   0x08000bfc   0x0000005c   Code   RO          186    i.AutoControl       main.o
    0x08000c58   0x08000c58   0x00000048   Code   RO          774    i.BUMP_Init         bump.o
    0x08000ca0   0x08000ca0   0x00000004   Code   RO            1    i.BusFault_Handler  stm32f10x_it.o
    0x08000ca4   0x08000ca4   0x000000cc   Code   RO          187    i.Control_Manager   main.o
    0x08000d70   0x08000d70   0x0000005c   Code   RO          390    i.DHT11_Check       dht11.o
    0x08000dcc   0x08000dcc   0x00000040   Code   RO          391    i.DHT11_Init        dht11.o
    0x08000e0c   0x08000e0c   0x00000038   Code   RO          392    i.DHT11_Mode        dht11.o
    0x08000e44   0x08000e44   0x0000005c   Code   RO          393    i.DHT11_Read_Bit    dht11.o
    0x08000ea0   0x08000ea0   0x0000001e   Code   RO          394    i.DHT11_Read_Byte   dht11.o
    0x08000ebe   0x08000ebe   0x00000058   Code   RO          395    i.DHT11_Read_Data   dht11.o
    0x08000f16   0x08000f16   0x00000002   PAD
    0x08000f18   0x08000f18   0x00000030   Code   RO          396    i.DHT11_Rst         dht11.o
    0x08000f48   0x08000f48   0x00000018   Code   RO         2346    i.DMA_Cmd           stm32f10x_dma.o
    0x08000f60   0x08000f60   0x0000003c   Code   RO         2352    i.DMA_Init          stm32f10x_dma.o
    0x08000f9c   0x08000f9c   0x00000002   Code   RO            2    i.DebugMon_Handler  stm32f10x_it.o
    0x08000f9e   0x08000f9e   0x00000002   PAD
    0x08000fa0   0x08000fa0   0x00000034   Code   RO          762    i.FAN_Init          fan.o
    0x08000fd4   0x08000fd4   0x0000000c   Code   RO         2416    i.FLASH_ClearFlag   stm32f10x_flash.o
    0x08000fe0   0x08000fe0   0x0000004c   Code   RO         2421    i.FLASH_ErasePage   stm32f10x_flash.o
    0x0800102c   0x0800102c   0x00000034   Code   RO         2422    i.FLASH_GetBank1Status  stm32f10x_flash.o
    0x08001060   0x08001060   0x00000014   Code   RO         2431    i.FLASH_Lock        stm32f10x_flash.o
    0x08001074   0x08001074   0x00000040   Code   RO         2434    i.FLASH_ProgramHalfWord  stm32f10x_flash.o
    0x080010b4   0x080010b4   0x00000006   Code   RO         1009    i.FLASH_R           flash.o
    0x080010ba   0x080010ba   0x00000002   PAD
    0x080010bc   0x080010bc   0x00000018   Code   RO         2439    i.FLASH_Unlock      stm32f10x_flash.o
    0x080010d4   0x080010d4   0x00000066   Code   RO         1010    i.FLASH_W           flash.o
    0x0800113a   0x0800113a   0x00000026   Code   RO         2443    i.FLASH_WaitForLastOperation  stm32f10x_flash.o
    0x08001160   0x08001160   0x00000116   Code   RO         1266    i.GPIO_Init         stm32f10x_gpio.o
    0x08001276   0x08001276   0x00000002   PAD
    0x08001278   0x08001278   0x00000090   Code   RO         1268    i.GPIO_PinRemapConfig  stm32f10x_gpio.o
    0x08001308   0x08001308   0x00000012   Code   RO         1270    i.GPIO_ReadInputDataBit  stm32f10x_gpio.o
    0x0800131a   0x0800131a   0x00000004   Code   RO         1273    i.GPIO_ResetBits    stm32f10x_gpio.o
    0x0800131e   0x0800131e   0x00000004   Code   RO         1274    i.GPIO_SetBits      stm32f10x_gpio.o
    0x08001322   0x08001322   0x0000000a   Code   RO         1277    i.GPIO_WriteBit     stm32f10x_gpio.o
    0x0800132c   0x0800132c   0x00000004   Code   RO            3    i.HardFault_Handler  stm32f10x_it.o
    0x08001330   0x08001330   0x00000010   Code   RO          500    i.IIC_delay         oled.o
    0x08001340   0x08001340   0x00000048   Code   RO          786    i.JSQ_Init          jsq.o
    0x08001388   0x08001388   0x0000002c   Code   RO          654    i.Key_Init          key.o
    0x080013b4   0x080013b4   0x000002a8   Code   RO          655    i.Key_scan          key.o
    0x0800165c   0x0800165c   0x00000094   Code   RO          931    i.LDR_LuxData       adcx.o
    0x080016f0   0x080016f0   0x00000034   Code   RO          464    i.LED_Init          led.o
    0x08001724   0x08001724   0x00000014   Code   RO          465    i.LED_Off           led.o
    0x08001738   0x08001738   0x00000014   Code   RO          466    i.LED_On            led.o
    0x0800174c   0x0800174c   0x000000b6   Code   RO          714    i.MOTOR_Direction   stepmotor.o
    0x08001802   0x08001802   0x0000002e   Code   RO          715    i.MOTOR_Direction_Angle  stepmotor.o
    0x08001830   0x08001830   0x00000054   Code   RO          716    i.MOTOR_Init        stepmotor.o
    0x08001884   0x08001884   0x000000d0   Code   RO          717    i.MOTOR_Rhythm_4_1_4  stepmotor.o
    0x08001954   0x08001954   0x0000017c   Code   RO          718    i.MOTOR_Rhythm_4_1_8  stepmotor.o
    0x08001ad0   0x08001ad0   0x000000d0   Code   RO          719    i.MOTOR_Rhythm_4_2_4  stepmotor.o
    0x08001ba0   0x08001ba0   0x000000c8   Code   RO          932    i.MQ135_GetData_PPM  adcx.o
    0x08001c68   0x08001c68   0x000000c8   Code   RO          933    i.MQ2_GetData_PPM   adcx.o
    0x08001d30   0x08001d30   0x000000c8   Code   RO          934    i.MQ7_GetData_PPM   adcx.o
    0x08001df8   0x08001df8   0x000000d4   Code   RO          188    i.ManualControl     main.o
    0x08001ecc   0x08001ecc   0x000000a8   Code   RO          189    i.ManualSettingsDisplay1  main.o
    0x08001f74   0x08001f74   0x00000058   Code   RO          190    i.ManualSettingsDisplay2  main.o
    0x08001fcc   0x08001fcc   0x00000004   Code   RO            4    i.MemManage_Handler  stm32f10x_it.o
    0x08001fd0   0x08001fd0   0x00000002   Code   RO            5    i.NMI_Handler       stm32f10x_it.o
    0x08001fd2   0x08001fd2   0x00000002   PAD
    0x08001fd4   0x08001fd4   0x00000070   Code   RO         1044    i.NVIC_Init         misc.o
    0x08002044   0x08002044   0x00000030   Code   RO          501    i.OLED_Clear        oled.o
    0x08002074   0x08002074   0x00000078   Code   RO          508    i.OLED_DrawPoint    oled.o
    0x080020ec   0x080020ec   0x00000034   Code   RO          509    i.OLED_I2C_Start    oled.o
    0x08002120   0x08002120   0x00000024   Code   RO          510    i.OLED_I2C_Stop     oled.o
    0x08002144   0x08002144   0x0000002c   Code   RO          511    i.OLED_I2C_WaitAck  oled.o
    0x08002170   0x08002170   0x00000124   Code   RO          512    i.OLED_Init         oled.o
    0x08002294   0x08002294   0x00000016   Code   RO          513    i.OLED_Pow          oled.o
    0x080022aa   0x080022aa   0x00000002   PAD
    0x080022ac   0x080022ac   0x00000068   Code   RO          514    i.OLED_Refresh      oled.o
    0x08002314   0x08002314   0x0000004c   Code   RO          516    i.OLED_Send_Byte    oled.o
    0x08002360   0x08002360   0x00000140   Code   RO          517    i.OLED_ShowChar     oled.o
    0x080024a0   0x080024a0   0x00000104   Code   RO          518    i.OLED_ShowChinese  oled.o
    0x080025a4   0x080025a4   0x00000094   Code   RO          519    i.OLED_ShowNum      oled.o
    0x08002638   0x08002638   0x0000004e   Code   RO          521    i.OLED_ShowString   oled.o
    0x08002686   0x08002686   0x00000038   Code   RO          522    i.OLED_WR_Byte      oled.o
    0x080026be   0x080026be   0x00000148   Code   RO          191    i.OLED_autoPage1    main.o
    0x08002806   0x08002806   0x000000a8   Code   RO          192    i.OLED_autoPage2    main.o
    0x080028ae   0x080028ae   0x000001aa   Code   RO          193    i.OLED_manualOption  main.o
    0x08002a58   0x08002a58   0x000000c4   Code   RO          194    i.OLED_manualPage1  main.o
    0x08002b1c   0x08002b1c   0x00000074   Code   RO          195    i.OLED_manualPage2  main.o
    0x08002b90   0x08002b90   0x000001aa   Code   RO          196    i.OLED_settingsOption  main.o
    0x08002d3a   0x08002d3a   0x00000144   Code   RO          197    i.OLED_settingsPage1  main.o
    0x08002e7e   0x08002e7e   0x00000002   PAD
    0x08002e80   0x08002e80   0x00000030   Code   RO          198    i.OLED_settingsPage2  main.o
    0x08002eb0   0x08002eb0   0x00000002   Code   RO            6    i.PendSV_Handler    stm32f10x_it.o
    0x08002eb2   0x08002eb2   0x00000002   PAD
    0x08002eb4   0x08002eb4   0x00000018   Code   RO         1374    i.RCC_ADCCLKConfig  stm32f10x_rcc.o
    0x08002ecc   0x08002ecc   0x00000020   Code   RO         1375    i.RCC_AHBPeriphClockCmd  stm32f10x_rcc.o
    0x08002eec   0x08002eec   0x00000020   Code   RO         1376    i.RCC_APB1PeriphClockCmd  stm32f10x_rcc.o
    0x08002f0c   0x08002f0c   0x00000020   Code   RO         1378    i.RCC_APB2PeriphClockCmd  stm32f10x_rcc.o
    0x08002f2c   0x08002f2c   0x000000d4   Code   RO         1386    i.RCC_GetClocksFreq  stm32f10x_rcc.o
    0x08003000   0x08003000   0x00000002   Code   RO            7    i.SVC_Handler       stm32f10x_it.o
    0x08003002   0x08003002   0x00000002   PAD
    0x08003004   0x08003004   0x000000d0   Code   RO          199    i.ScanGizwitsMode   main.o
    0x080030d4   0x080030d4   0x00000060   Code   RO          200    i.SensorDataDisplay1  main.o
    0x08003134   0x08003134   0x00000034   Code   RO          201    i.SensorDataDisplay2  main.o
    0x08003168   0x08003168   0x00000030   Code   RO          798    i.SensorScan        modules.o
    0x08003198   0x08003198   0x00000038   Code   RO          202    i.SetAuto           main.o
    0x080031d0   0x080031d0   0x00000048   Code   RO          203    i.SetManual         main.o
    0x08003218   0x08003218   0x00000048   Code   RO          204    i.SetSelection      main.o
    0x08003260   0x08003260   0x00000008   Code   RO          152    i.SetSysClock       system_stm32f10x.o
    0x08003268   0x08003268   0x000000e0   Code   RO          153    i.SetSysClockTo72   system_stm32f10x.o
    0x08003348   0x08003348   0x00000060   Code   RO          205    i.SettingsThresholdDisplay1  main.o
    0x080033a8   0x080033a8   0x00000034   Code   RO          206    i.SettingsThresholdDisplay2  main.o
    0x080033dc   0x080033dc   0x00000028   Code   RO         1048    i.SysTick_CLKSourceConfig  misc.o
    0x08003404   0x08003404   0x00000002   Code   RO            8    i.SysTick_Handler   stm32f10x_it.o
    0x08003406   0x08003406   0x00000002   PAD
    0x08003408   0x08003408   0x00000060   Code   RO          155    i.SystemInit        system_stm32f10x.o
    0x08003468   0x08003468   0x0000001a   Code   RO          894    i.TIM2_IRQHandler   tim2.o
    0x08003482   0x08003482   0x0000005e   Code   RO          895    i.TIM2_Init         tim2.o
    0x080034e0   0x080034e0   0x00000006   Code   RO         1585    i.TIM_ClearITPendingBit  stm32f10x_tim.o
    0x080034e6   0x080034e6   0x00000018   Code   RO         1590    i.TIM_Cmd           stm32f10x_tim.o
    0x080034fe   0x080034fe   0x00000022   Code   RO         1611    i.TIM_GetITStatus   stm32f10x_tim.o
    0x08003520   0x08003520   0x00000012   Code   RO         1615    i.TIM_ITConfig      stm32f10x_tim.o
    0x08003532   0x08003532   0x00000002   PAD
    0x08003534   0x08003534   0x000000a4   Code   RO         1661    i.TIM_TimeBaseInit  stm32f10x_tim.o
    0x080035d8   0x080035d8   0x000001f8   Code   RO          207    i.ThresholdSettings  main.o
    0x080037d0   0x080037d0   0x0000007c   Code   RO          840    i.USART1_Config     usart.o
    0x0800384c   0x0800384c   0x00000018   Code   RO         1084    i.USART_Cmd         stm32f10x_usart.o
    0x08003864   0x08003864   0x000000d8   Code   RO         1091    i.USART_Init        stm32f10x_usart.o
    0x0800393c   0x0800393c   0x00000008   Code   RO         1101    i.USART_SendData    stm32f10x_usart.o
    0x08003944   0x08003944   0x00000004   Code   RO            9    i.UsageFault_Handler  stm32f10x_it.o
    0x08003948   0x08003948   0x00000010   Code   RO         2604    i.__0printf$bare    mc_w.l(printfb.o)
    0x08003958   0x08003958   0x00000028   Code   RO         2899    i.__ARM_fpclassify  m_ws.l(fpclassify.o)
    0x08003980   0x08003980   0x000000aa   Code   RO         2901    i.__kernel_poly     m_ws.l(poly.o)
    0x08003a2a   0x08003a2a   0x00000002   PAD
    0x08003a2c   0x08003a2c   0x00000010   Code   RO         2885    i.__mathlib_dbl_divzero  m_ws.l(dunder.o)
    0x08003a3c   0x08003a3c   0x00000004   Code   RO         2887    i.__mathlib_dbl_infnan2  m_ws.l(dunder.o)
    0x08003a40   0x08003a40   0x0000000c   Code   RO         2888    i.__mathlib_dbl_invalid  m_ws.l(dunder.o)
    0x08003a4c   0x08003a4c   0x0000000e   Code   RO         2889    i.__mathlib_dbl_overflow  m_ws.l(dunder.o)
    0x08003a5a   0x08003a5a   0x00000002   PAD
    0x08003a5c   0x08003a5c   0x00000010   Code   RO         2891    i.__mathlib_dbl_underflow  m_ws.l(dunder.o)
    0x08003a6c   0x08003a6c   0x0000000e   Code   RO         2967    i.__scatterload_copy  mc_w.l(handlers.o)
    0x08003a7a   0x08003a7a   0x00000002   Code   RO         2968    i.__scatterload_null  mc_w.l(handlers.o)
    0x08003a7c   0x08003a7c   0x0000000e   Code   RO         2969    i.__scatterload_zeroinit  mc_w.l(handlers.o)
    0x08003a8a   0x08003a8a   0x00000002   PAD
    0x08003a8c   0x08003a8c   0x0000000c   Code   RO         2935    i.__set_errno       mc_w.l(errno.o)
    0x08003a98   0x08003a98   0x00000022   Code   RO         2611    i._printf_core      mc_w.l(printfb.o)
    0x08003aba   0x08003aba   0x00000002   PAD
    0x08003abc   0x08003abc   0x0000003c   Code   RO          814    i.delay_init        delay.o
    0x08003af8   0x08003af8   0x0000003c   Code   RO          815    i.delay_ms          delay.o
    0x08003b34   0x08003b34   0x0000003c   Code   RO          816    i.delay_us          delay.o
    0x08003b70   0x08003b70   0x00000024   Code   RO          841    i.fputc             usart.o
    0x08003b94   0x08003b94   0x00000204   Code   RO          208    i.main              main.o
    0x08003d98   0x08003d98   0x000009d8   Code   RO         2591    i.pow               m_ws.l(pow.o)
    0x08004770   0x08004770   0x0000004c   Code   RO         2905    i.sqrt              m_ws.l(sqrt.o)
    0x080047bc   0x080047bc   0x000022f0   Data   RO          524    .constdata          oled.o
    0x08006aac   0x08006aac   0x00000004   PAD
    0x08006ab0   0x08006ab0   0x00000088   Data   RO         2592    .constdata          m_ws.l(pow.o)
    0x08006b38   0x08006b38   0x00000008   Data   RO         2903    .constdata          m_ws.l(qnan.o)
    0x08006b40   0x08006b40   0x00000020   Data   RO         2965    Region$$Table       anon$$obj.o


    Execution Region RW_IRAM1 (Exec base: 0x20000000, Load base: 0x08006b60, Size: 0x000006f0, Max: 0x00005000, ABSOLUTE)

    Exec Addr    Load Addr    Size         Type   Attr      Idx    E Section Name        Object

    0x20000000   0x08006b60   0x0000000d   Data   RW          210    .data               main.o
    0x2000000d   0x08006b6d   0x00000001   PAD
    0x2000000e   0x08006b6e   0x0000001d   Data   RW          656    .data               key.o
    0x2000002b   0x08006b8b   0x00000001   PAD
    0x2000002c   0x08006b8c   0x00000004   Data   RW          817    .data               delay.o
    0x20000030   0x08006b90   0x00000008   Data   RW          935    .data               adcx.o
    0x20000038   0x08006b98   0x00000014   Data   RW         1406    .data               stm32f10x_rcc.o
    0x2000004c   0x08006bac   0x00000004   Data   RW         2926    .data               mc_w.l(stdout.o)
    0x20000050   0x08006bb0   0x00000004   Data   RW         2936    .data               mc_w.l(errno.o)
    0x20000054        -       0x0000001c   Zero   RW          209    .bss                main.o
    0x20000070        -       0x00000480   Zero   RW          523    .bss                oled.o
    0x200004f0        -       0x00000200   Zero   RW         1037    STACK               startup_stm32f10x_md.o


==============================================================================

Image component sizes


      Code (inc. data)   RO Data    RW Data    ZI Data      Debug   Object Name

      1040        130          0          8          0       3710   adcx.o
        72         10          0          0          0        484   bump.o
       180         16          0          4          0       1683   delay.o
       470         24          0          0          0     216609   dht11.o
        52          6          0          0          0        471   fan.o
       108          0          0          0          0       1248   flash.o
        72         10          0          0          0        479   jsq.o
       724         78          0         29          0       2359   key.o
        92         18          0          0          0       1302   led.o
      4520        180          0         13         28      13505   main.o
       152         12          0          0          0       1486   misc.o
        48          4          0          0          0        457   modules.o
      1672         72       8944          0       1152      10788   oled.o
        28          4        236          0        512        772   startup_stm32f10x_md.o
      1108         54          0          0          0       4442   stepmotor.o
       390         10          0          0          0       7213   stm32f10x_adc.o
        84          0          0          0          0       2717   stm32f10x_dma.o
       286         36          0          0          0       3812   stm32f10x_flash.o
       458          6          0          0          0       4946   stm32f10x_gpio.o
        26          0          0          0          0      67634   stm32f10x_it.o
       332         44          0         20          0       5421   stm32f10x_rcc.o
       246         42          0          0          0       3434   stm32f10x_tim.o
       248          6          0          0          0       3310   stm32f10x_usart.o
         0          0          0          0          0         32   sys.o
       328         28          0          0          0       1729   system_stm32f10x.o
       120          0          0          0          0       1090   tim2.o
       160         14          0          0          0       2896   usart.o

    ----------------------------------------------------------------------
     13040        804       9216         76       1692     364029   Object Totals
         0          0         32          0          0          0   (incl. Generated)
        24          0          4          2          0          0   (incl. Padding)

    ----------------------------------------------------------------------

      Code (inc. data)   RO Data    RW Data    ZI Data      Debug   Library Member Name

        62         10          0          0          0        340   dunder.o
        40          0          0          0          0         68   fpclassify.o
       170          0          0          0          0         96   poly.o
      2520        190        136          0          0        324   pow.o
         0          0          8          0          0          0   qnan.o
        76          0          0          0          0         84   sqrt.o
         0          0          0          0          0          0   entry.o
         0          0          0          0          0          0   entry10a.o
         0          0          0          0          0          0   entry11a.o
         8          4          0          0          0          0   entry2.o
         4          0          0          0          0          0   entry5.o
         0          0          0          0          0          0   entry7b.o
         0          0          0          0          0          0   entry8b.o
         8          4          0          0          0          0   entry9a.o
        12          6          0          4          0         68   errno.o
        30          0          0          0          0          0   handlers.o
        36          8          0          0          0         68   init.o
         0          0          0          0          0          0   iusefp.o
        30          0          0          0          0         68   llshl.o
        36          0          0          0          0         68   llsshr.o
        32          0          0          0          0         68   llushr.o
        50          8          0          0          0        152   printfb.o
         0          0          0          4          0          0   stdout.o
        48          0          0          0          0         68   cdrcmple.o
        56          0          0          0          0         88   d2f.o
       334          0          0          0          0        148   dadd.o
       222          0          0          0          0        100   ddiv.o
       186          0          0          0          0        176   depilogue.o
        50          0          0          0          0         76   dfixui.o
        34          0          0          0          0         76   dflti.o
       228          0          0          0          0         96   dmul.o
        46          0          0          0          0         80   dscalb.o
       162          0          0          0          0        100   dsqrt.o
        38          0          0          0          0         68   f2d.o
       176          0          0          0          0        140   fadd.o
       124          0          0          0          0         88   fdiv.o
       110          0          0          0          0        168   fepilogue.o
        40          0          0          0          0         68   ffixui.o
        10          0          0          0          0         68   ffltui.o
       100          0          0          0          0         76   fmul.o

    ----------------------------------------------------------------------
      5088        230        144          8          0       3088   Library Totals
        10          0          0          0          0          0   (incl. Padding)

    ----------------------------------------------------------------------

      Code (inc. data)   RO Data    RW Data    ZI Data      Debug   Library Name

      2868        200        144          0          0        912   m_ws.l
       246         30          0          8          0        492   mc_w.l
      1964          0          0          0          0       1684   mf_w.l

    ----------------------------------------------------------------------
      5088        230        144          8          0       3088   Library Totals

    ----------------------------------------------------------------------

==============================================================================


      Code (inc. data)   RO Data    RW Data    ZI Data      Debug   

     18128       1034       9360         84       1692     359365   Grand Totals
     18128       1034       9360         84       1692     359365   ELF Image Totals
     18128       1034       9360         84          0          0   ROM Totals

==============================================================================

    Total RO  Size (Code + RO Data)                27488 (  26.84kB)
    Total RW  Size (RW Data + ZI Data)              1776 (   1.73kB)
    Total ROM Size (Code + RO Data + RW Data)      27572 (  26.93kB)

==============================================================================

